[2025-02-18T18:39:09.955+0000][0.008s] Using G1
[2025-02-18T18:39:10.167+0000][0.220s] Version: 17.0.14+7 (release)
[2025-02-18T18:39:10.167+0000][0.221s] CPUs: 8 total, 8 available
[2025-02-18T18:39:10.167+0000][0.221s] Memory: 3919M
[2025-02-18T18:39:10.168+0000][0.221s] Large Page Support: Disabled
[2025-02-18T18:39:10.168+0000][0.221s] NUMA Support: Disabled
[2025-02-18T18:39:10.168+0000][0.221s] Compressed Oops: Enabled (32-bit)
[2025-02-18T18:39:10.168+0000][0.221s] Heap Region Size: 1M
[2025-02-18T18:39:10.168+0000][0.221s] Heap Min Capacity: 512M
[2025-02-18T18:39:10.168+0000][0.221s] Heap Initial Capacity: 512M
[2025-02-18T18:39:10.168+0000][0.221s] Heap Max Capacity: 512M
[2025-02-18T18:39:10.168+0000][0.221s] Pre-touch: Enabled
[2025-02-18T18:39:10.168+0000][0.221s] Parallel Workers: 8
[2025-02-18T18:39:10.168+0000][0.221s] Concurrent Workers: 2
[2025-02-18T18:39:10.169+0000][0.222s] Concurrent Refinement Workers: 8
[2025-02-18T18:39:10.169+0000][0.222s] Periodic GC: Disabled
[2025-02-18T18:39:10.182+0000][0.235s] CDS archive(s) mapped at: [0x0000002800000000-0x0000002800a70000-0x0000002800a70000), size 10944512, SharedBaseAddress: 0x0000002800000000, ArchiveRelocationMode: 1.
[2025-02-18T18:39:10.182+0000][0.236s] Compressed class space mapped at: 0x0000002801000000-0x0000002841000000, reserved size: 1073741824
[2025-02-18T18:39:10.182+0000][0.236s] Narrow klass base: 0x0000002800000000, Narrow klass shift: 0, Narrow klass range: 0x100000000
[2025-02-18T18:39:12.782+0000][2.835s] GC(0) Pause Young (Normal) (G1 Evacuation Pause)
[2025-02-18T18:39:12.782+0000][2.835s] GC(0) Using 8 workers of 8 for evacuation
[2025-02-18T18:39:12.786+0000][2.839s] GC(0)   Pre Evacuate Collection Set: 0.3ms
[2025-02-18T18:39:12.786+0000][2.839s] GC(0)   Merge Heap Roots: 0.1ms
[2025-02-18T18:39:12.786+0000][2.839s] GC(0)   Evacuate Collection Set: 2.5ms
[2025-02-18T18:39:12.786+0000][2.839s] GC(0)   Post Evacuate Collection Set: 0.5ms
[2025-02-18T18:39:12.786+0000][2.839s] GC(0)   Other: 0.4ms
[2025-02-18T18:39:12.786+0000][2.839s] GC(0) Eden regions: 29->0(59)
[2025-02-18T18:39:12.786+0000][2.839s] GC(0) Survivor regions: 0->4(4)
[2025-02-18T18:39:12.786+0000][2.839s] GC(0) Old regions: 0->0
[2025-02-18T18:39:12.786+0000][2.840s] GC(0) Archive regions: 2->2
[2025-02-18T18:39:12.786+0000][2.840s] GC(0) Humongous regions: 0->0
[2025-02-18T18:39:12.786+0000][2.840s] GC(0) Metaspace: 9675K(9920K)->9675K(9920K) NonClass: 8482K(8576K)->8482K(8576K) Class: 1193K(1344K)->1193K(1344K)
[2025-02-18T18:39:12.786+0000][2.840s] GC(0) Pause Young (Normal) (G1 Evacuation Pause) 29M->4M(512M) 4.356ms
[2025-02-18T18:39:12.786+0000][2.840s] GC(0) User=0.01s Sys=0.00s Real=0.00s
[2025-02-18T18:39:13.090+0000][3.143s] GC(1) Pause Young (Normal) (G1 Evacuation Pause)
[2025-02-18T18:39:13.090+0000][3.143s] GC(1) Using 8 workers of 8 for evacuation
[2025-02-18T18:39:13.098+0000][3.152s] GC(1)   Pre Evacuate Collection Set: 0.1ms
[2025-02-18T18:39:13.098+0000][3.152s] GC(1)   Merge Heap Roots: 0.1ms
[2025-02-18T18:39:13.099+0000][3.152s] GC(1)   Evacuate Collection Set: 7.5ms
[2025-02-18T18:39:13.099+0000][3.152s] GC(1)   Post Evacuate Collection Set: 0.7ms
[2025-02-18T18:39:13.099+0000][3.152s] GC(1)   Other: 0.3ms
[2025-02-18T18:39:13.099+0000][3.152s] GC(1) Eden regions: 59->0(76)
[2025-02-18T18:39:13.099+0000][3.152s] GC(1) Survivor regions: 4->8(8)
[2025-02-18T18:39:13.099+0000][3.152s] GC(1) Old regions: 0->7
[2025-02-18T18:39:13.099+0000][3.152s] GC(1) Archive regions: 2->2
[2025-02-18T18:39:13.099+0000][3.152s] GC(1) Humongous regions: 4->4
[2025-02-18T18:39:13.099+0000][3.152s] GC(1) Metaspace: 17833K(18112K)->17833K(18112K) NonClass: 15642K(15808K)->15642K(15808K) Class: 2190K(2304K)->2190K(2304K)
[2025-02-18T18:39:13.099+0000][3.152s] GC(1) Pause Young (Normal) (G1 Evacuation Pause) 67M->18M(512M) 9.344ms
[2025-02-18T18:39:13.099+0000][3.152s] GC(1) User=0.06s Sys=0.00s Real=0.01s
[2025-02-18T18:39:13.330+0000][3.384s] GC(2) Pause Young (Concurrent Start) (Metadata GC Threshold)
[2025-02-18T18:39:13.331+0000][3.384s] GC(2) Using 8 workers of 8 for evacuation
[2025-02-18T18:39:13.338+0000][3.391s] GC(2)   Pre Evacuate Collection Set: 0.2ms
[2025-02-18T18:39:13.338+0000][3.391s] GC(2)   Merge Heap Roots: 0.1ms
[2025-02-18T18:39:13.338+0000][3.391s] GC(2)   Evacuate Collection Set: 6.2ms
[2025-02-18T18:39:13.338+0000][3.391s] GC(2)   Post Evacuate Collection Set: 0.6ms
[2025-02-18T18:39:13.338+0000][3.391s] GC(2)   Other: 0.4ms
[2025-02-18T18:39:13.338+0000][3.391s] GC(2) Eden regions: 53->0(93)
[2025-02-18T18:39:13.338+0000][3.392s] GC(2) Survivor regions: 8->11(11)
[2025-02-18T18:39:13.338+0000][3.392s] GC(2) Old regions: 7->10
[2025-02-18T18:39:13.338+0000][3.392s] GC(2) Archive regions: 2->2
[2025-02-18T18:39:13.338+0000][3.392s] GC(2) Humongous regions: 4->4
[2025-02-18T18:39:13.338+0000][3.392s] GC(2) Metaspace: 21201K(21504K)->21201K(21504K) NonClass: 18633K(18752K)->18633K(18752K) Class: 2567K(2752K)->2567K(2752K)
[2025-02-18T18:39:13.338+0000][3.392s] GC(2) Pause Young (Concurrent Start) (Metadata GC Threshold) 71M->24M(512M) 7.932ms
[2025-02-18T18:39:13.338+0000][3.392s] GC(2) User=0.04s Sys=0.01s Real=0.01s
[2025-02-18T18:39:13.338+0000][3.392s] GC(3) Concurrent Mark Cycle
[2025-02-18T18:39:13.339+0000][3.392s] GC(3) Concurrent Clear Claimed Marks
[2025-02-18T18:39:13.339+0000][3.392s] GC(3) Concurrent Clear Claimed Marks 0.146ms
[2025-02-18T18:39:13.339+0000][3.392s] GC(3) Concurrent Scan Root Regions
[2025-02-18T18:39:13.341+0000][3.394s] GC(3) Concurrent Scan Root Regions 2.274ms
[2025-02-18T18:39:13.341+0000][3.395s] GC(3) Concurrent Mark
[2025-02-18T18:39:13.341+0000][3.395s] GC(3) Concurrent Mark From Roots
[2025-02-18T18:39:13.341+0000][3.395s] GC(3) Using 2 workers of 2 for marking
[2025-02-18T18:39:13.345+0000][3.398s] GC(3) Concurrent Mark From Roots 3.805ms
[2025-02-18T18:39:13.345+0000][3.399s] GC(3) Concurrent Preclean
[2025-02-18T18:39:13.345+0000][3.399s] GC(3) Concurrent Preclean 0.148ms
[2025-02-18T18:39:13.347+0000][3.400s] GC(3) Pause Remark
[2025-02-18T18:39:13.348+0000][3.402s] GC(3) Pause Remark 25M->25M(512M) 1.473ms
[2025-02-18T18:39:13.348+0000][3.402s] GC(3) User=0.01s Sys=0.00s Real=0.00s
[2025-02-18T18:39:13.348+0000][3.402s] GC(3) Concurrent Mark 7.213ms
[2025-02-18T18:39:13.349+0000][3.402s] GC(3) Concurrent Rebuild Remembered Sets
[2025-02-18T18:39:13.352+0000][3.405s] GC(3) Concurrent Rebuild Remembered Sets 3.450ms
[2025-02-18T18:39:13.353+0000][3.406s] GC(3) Pause Cleanup
[2025-02-18T18:39:13.353+0000][3.406s] GC(3) Pause Cleanup 25M->25M(512M) 0.315ms
[2025-02-18T18:39:13.353+0000][3.406s] GC(3) User=0.00s Sys=0.00s Real=0.00s
[2025-02-18T18:39:13.353+0000][3.407s] GC(3) Concurrent Cleanup for Next Mark
[2025-02-18T18:39:13.357+0000][3.410s] GC(3) Concurrent Cleanup for Next Mark 3.527ms
[2025-02-18T18:39:13.357+0000][3.410s] GC(3) Concurrent Mark Cycle 18.450ms
[2025-02-18T18:39:14.191+0000][4.244s] GC(4) Pause Young (Concurrent Start) (Metadata GC Threshold)
[2025-02-18T18:39:14.191+0000][4.244s] GC(4) Using 8 workers of 8 for evacuation
[2025-02-18T18:39:14.198+0000][4.251s] GC(4)   Pre Evacuate Collection Set: 0.1ms
[2025-02-18T18:39:14.198+0000][4.251s] GC(4)   Merge Heap Roots: 0.1ms
[2025-02-18T18:39:14.198+0000][4.252s] GC(4)   Evacuate Collection Set: 5.8ms
[2025-02-18T18:39:14.198+0000][4.252s] GC(4)   Post Evacuate Collection Set: 0.8ms
[2025-02-18T18:39:14.198+0000][4.252s] GC(4)   Other: 0.3ms
[2025-02-18T18:39:14.198+0000][4.252s] GC(4) Eden regions: 93->0(167)
[2025-02-18T18:39:14.198+0000][4.252s] GC(4) Survivor regions: 11->10(13)
[2025-02-18T18:39:14.198+0000][4.252s] GC(4) Old regions: 10->15
[2025-02-18T18:39:14.198+0000][4.252s] GC(4) Archive regions: 2->2
[2025-02-18T18:39:14.199+0000][4.252s] GC(4) Humongous regions: 4->4
[2025-02-18T18:39:14.199+0000][4.252s] GC(4) Metaspace: 35935K(36288K)->35935K(36288K) NonClass: 31548K(31744K)->31548K(31744K) Class: 4386K(4544K)->4386K(4544K)
[2025-02-18T18:39:14.199+0000][4.252s] GC(4) Pause Young (Concurrent Start) (Metadata GC Threshold) 116M->29M(512M) 7.714ms
[2025-02-18T18:39:14.199+0000][4.252s] GC(4) User=0.04s Sys=0.00s Real=0.01s
[2025-02-18T18:39:14.199+0000][4.252s] GC(5) Concurrent Mark Cycle
[2025-02-18T18:39:14.199+0000][4.252s] GC(5) Concurrent Clear Claimed Marks
[2025-02-18T18:39:14.199+0000][4.253s] GC(5) Concurrent Clear Claimed Marks 0.102ms
[2025-02-18T18:39:14.199+0000][4.253s] GC(5) Concurrent Scan Root Regions
[2025-02-18T18:39:14.202+0000][4.255s] GC(5) Concurrent Scan Root Regions 2.408ms
[2025-02-18T18:39:14.202+0000][4.255s] GC(5) Concurrent Mark
[2025-02-18T18:39:14.202+0000][4.255s] GC(5) Concurrent Mark From Roots
[2025-02-18T18:39:14.202+0000][4.255s] GC(5) Using 2 workers of 2 for marking
[2025-02-18T18:39:14.208+0000][4.261s] GC(5) Concurrent Mark From Roots 6.058ms
[2025-02-18T18:39:14.208+0000][4.262s] GC(5) Concurrent Preclean
[2025-02-18T18:39:14.209+0000][4.262s] GC(5) Concurrent Preclean 0.263ms
[2025-02-18T18:39:14.210+0000][4.263s] GC(5) Pause Remark
[2025-02-18T18:39:14.211+0000][4.264s] GC(5) Pause Remark 31M->31M(512M) 1.505ms
[2025-02-18T18:39:14.211+0000][4.265s] GC(5) User=0.01s Sys=0.00s Real=0.00s
[2025-02-18T18:39:14.211+0000][4.265s] GC(5) Concurrent Mark 9.327ms
[2025-02-18T18:39:14.212+0000][4.266s] GC(5) Concurrent Rebuild Remembered Sets
[2025-02-18T18:39:14.217+0000][4.271s] GC(5) Concurrent Rebuild Remembered Sets 5.074ms
[2025-02-18T18:39:14.218+0000][4.271s] GC(5) Pause Cleanup
[2025-02-18T18:39:14.218+0000][4.271s] GC(5) Pause Cleanup 32M->32M(512M) 0.164ms
[2025-02-18T18:39:14.218+0000][4.271s] GC(5) User=0.00s Sys=0.00s Real=0.00s
[2025-02-18T18:39:14.218+0000][4.271s] GC(5) Concurrent Cleanup for Next Mark
[2025-02-18T18:39:14.220+0000][4.273s] GC(5) Concurrent Cleanup for Next Mark 1.538ms
[2025-02-18T18:39:14.220+0000][4.273s] GC(5) Concurrent Mark Cycle 20.974ms
[2025-02-18T18:39:22.483+0000][12.537s] GC(6) Pause Young (Prepare Mixed) (G1 Evacuation Pause)
[2025-02-18T18:39:22.484+0000][12.537s] GC(6) Using 8 workers of 8 for evacuation
[2025-02-18T18:39:22.507+0000][12.560s] GC(6)   Pre Evacuate Collection Set: 0.3ms
[2025-02-18T18:39:22.507+0000][12.560s] GC(6)   Merge Heap Roots: 0.1ms
[2025-02-18T18:39:22.507+0000][12.560s] GC(6)   Evacuate Collection Set: 20.4ms
[2025-02-18T18:39:22.507+0000][12.560s] GC(6)   Post Evacuate Collection Set: 2.1ms
[2025-02-18T18:39:22.507+0000][12.561s] GC(6)   Other: 0.4ms
[2025-02-18T18:39:22.507+0000][12.561s] GC(6) Eden regions: 167->0(2)
[2025-02-18T18:39:22.507+0000][12.561s] GC(6) Survivor regions: 10->23(23)
[2025-02-18T18:39:22.507+0000][12.561s] GC(6) Old regions: 15->16
[2025-02-18T18:39:22.507+0000][12.561s] GC(6) Archive regions: 2->2
[2025-02-18T18:39:22.507+0000][12.561s] GC(6) Humongous regions: 4->4
[2025-02-18T18:39:22.507+0000][12.561s] GC(6) Metaspace: 55854K(56384K)->55854K(56384K) NonClass: 48674K(48960K)->48674K(48960K) Class: 7179K(7424K)->7179K(7424K)
[2025-02-18T18:39:22.507+0000][12.561s] GC(6) Pause Young (Prepare Mixed) (G1 Evacuation Pause) 196M->43M(512M) 23.728ms
[2025-02-18T18:39:22.507+0000][12.561s] GC(6) User=0.14s Sys=0.01s Real=0.02s
[2025-02-18T18:39:22.517+0000][12.571s] GC(7) Pause Young (Mixed) (G1 Evacuation Pause)
[2025-02-18T18:39:22.517+0000][12.571s] GC(7) Using 8 workers of 8 for evacuation
[2025-02-18T18:39:22.536+0000][12.590s] GC(7)   Pre Evacuate Collection Set: 0.1ms
[2025-02-18T18:39:22.536+0000][12.590s] GC(7)   Merge Heap Roots: 0.1ms
[2025-02-18T18:39:22.536+0000][12.590s] GC(7)   Evacuate Collection Set: 17.9ms
[2025-02-18T18:39:22.536+0000][12.590s] GC(7)   Post Evacuate Collection Set: 0.5ms
[2025-02-18T18:39:22.536+0000][12.590s] GC(7)   Other: 0.2ms
[2025-02-18T18:39:22.536+0000][12.590s] GC(7) Eden regions: 2->0(305)
[2025-02-18T18:39:22.536+0000][12.590s] GC(7) Survivor regions: 23->2(4)
[2025-02-18T18:39:22.536+0000][12.590s] GC(7) Old regions: 16->39
[2025-02-18T18:39:22.536+0000][12.590s] GC(7) Archive regions: 2->2
[2025-02-18T18:39:22.536+0000][12.590s] GC(7) Humongous regions: 4->4
[2025-02-18T18:39:22.536+0000][12.590s] GC(7) Metaspace: 55954K(56512K)->55954K(56512K) NonClass: 48764K(49024K)->48764K(49024K) Class: 7190K(7488K)->7190K(7488K)
[2025-02-18T18:39:22.536+0000][12.590s] GC(7) Pause Young (Mixed) (G1 Evacuation Pause) 45M->45M(512M) 19.177ms
[2025-02-18T18:39:22.537+0000][12.590s] GC(7) User=0.12s Sys=0.01s Real=0.02s
[2025-02-18T19:01:52.529+0000][1119.904s] GC(8) Pause Young (Concurrent Start) (Metadata GC Threshold)
[2025-02-18T19:01:52.530+0000][1119.905s] GC(8) Using 8 workers of 8 for evacuation
[2025-02-18T19:01:52.556+0000][1119.931s] GC(8)   Pre Evacuate Collection Set: 1.4ms
[2025-02-18T19:01:52.556+0000][1119.931s] GC(8)   Merge Heap Roots: 0.2ms
[2025-02-18T19:01:52.556+0000][1119.931s] GC(8)   Evacuate Collection Set: 23.2ms
[2025-02-18T19:01:52.556+0000][1119.931s] GC(8)   Post Evacuate Collection Set: 0.8ms
[2025-02-18T19:01:52.556+0000][1119.931s] GC(8)   Other: 1.2ms
[2025-02-18T19:01:52.556+0000][1119.932s] GC(8) Eden regions: 57->0(304)
[2025-02-18T19:01:52.556+0000][1119.932s] GC(8) Survivor regions: 2->3(39)
[2025-02-18T19:01:52.556+0000][1119.932s] GC(8) Old regions: 39->39
[2025-02-18T19:01:52.556+0000][1119.932s] GC(8) Archive regions: 2->2
[2025-02-18T19:01:52.556+0000][1119.932s] GC(8) Humongous regions: 4->4
[2025-02-18T19:01:52.556+0000][1119.932s] GC(8) Metaspace: 60366K(60928K)->60366K(60928K) NonClass: 52644K(52928K)->52644K(52928K) Class: 7721K(8000K)->7721K(8000K)
[2025-02-18T19:01:52.556+0000][1119.932s] GC(8) Pause Young (Concurrent Start) (Metadata GC Threshold) 101M->46M(512M) 27.279ms
[2025-02-18T19:01:52.556+0000][1119.932s] GC(8) User=0.17s Sys=0.00s Real=0.03s
[2025-02-18T19:01:52.557+0000][1119.932s] GC(9) Concurrent Mark Cycle
[2025-02-18T19:01:52.557+0000][1119.932s] GC(9) Concurrent Clear Claimed Marks
[2025-02-18T19:01:52.557+0000][1119.932s] GC(9) Concurrent Clear Claimed Marks 0.412ms
[2025-02-18T19:01:52.557+0000][1119.933s] GC(9) Concurrent Scan Root Regions
[2025-02-18T19:01:52.561+0000][1119.937s] GC(9) Concurrent Scan Root Regions 3.928ms
[2025-02-18T19:01:52.562+0000][1119.937s] GC(9) Concurrent Mark
[2025-02-18T19:01:52.562+0000][1119.937s] GC(9) Concurrent Mark From Roots
[2025-02-18T19:01:52.562+0000][1119.937s] GC(9) Using 2 workers of 2 for marking
[2025-02-18T19:01:52.602+0000][1119.977s] GC(9) Concurrent Mark From Roots 40.235ms
[2025-02-18T19:01:52.602+0000][1119.978s] GC(9) Concurrent Preclean
[2025-02-18T19:01:52.603+0000][1119.978s] GC(9) Concurrent Preclean 0.491ms
[2025-02-18T19:01:52.604+0000][1119.979s] GC(9) Pause Remark
[2025-02-18T19:01:52.626+0000][1120.002s] GC(9) Pause Remark 52M->52M(512M) 22.610ms
[2025-02-18T19:01:52.626+0000][1120.002s] GC(9) User=0.14s Sys=0.00s Real=0.02s
[2025-02-18T19:01:52.627+0000][1120.002s] GC(9) Concurrent Mark 65.037ms
[2025-02-18T19:01:52.627+0000][1120.003s] GC(9) Concurrent Rebuild Remembered Sets
[2025-02-18T19:01:52.642+0000][1120.017s] GC(9) Concurrent Rebuild Remembered Sets 14.197ms
[2025-02-18T19:01:52.643+0000][1120.018s] GC(9) Pause Cleanup
[2025-02-18T19:01:52.643+0000][1120.018s] GC(9) Pause Cleanup 52M->52M(512M) 0.203ms
[2025-02-18T19:01:52.643+0000][1120.018s] GC(9) User=0.00s Sys=0.00s Real=0.00s
[2025-02-18T19:01:52.643+0000][1120.018s] GC(9) Concurrent Cleanup for Next Mark
[2025-02-18T19:01:52.645+0000][1120.020s] GC(9) Concurrent Cleanup for Next Mark 1.705ms
[2025-02-18T19:01:52.645+0000][1120.020s] GC(9) Concurrent Mark Cycle 88.359ms
[2025-02-18T19:01:52.780+0000][1120.156s] Heap
[2025-02-18T19:01:52.780+0000][1120.156s]  garbage-first heap   total 524288K, used 71010K [0x00000000e0000000, 0x0000000100000000)
[2025-02-18T19:01:52.780+0000][1120.156s]   region size 1024K, 26 young (26624K), 3 survivors (3072K)
[2025-02-18T19:01:52.780+0000][1120.156s]  Metaspace       used 60384K, committed 61120K, reserved 1114112K
[2025-02-18T19:01:52.780+0000][1120.156s]   class space    used 7717K, committed 8000K, reserved 1048576K
