[2025-02-18T20:33:46.238+0000][0.009s] Using G1
[2025-02-18T20:33:46.460+0000][0.231s] Version: 17.0.14+7 (release)
[2025-02-18T20:33:46.460+0000][0.231s] CPUs: 8 total, 8 available
[2025-02-18T20:33:46.461+0000][0.231s] Memory: 3919M
[2025-02-18T20:33:46.461+0000][0.231s] Large Page Support: Disabled
[2025-02-18T20:33:46.461+0000][0.231s] NUMA Support: Disabled
[2025-02-18T20:33:46.461+0000][0.231s] Compressed Oops: Enabled (32-bit)
[2025-02-18T20:33:46.461+0000][0.231s] Heap Region Size: 1M
[2025-02-18T20:33:46.461+0000][0.231s] Heap Min Capacity: 512M
[2025-02-18T20:33:46.461+0000][0.231s] Heap Initial Capacity: 512M
[2025-02-18T20:33:46.461+0000][0.231s] Heap Max Capacity: 512M
[2025-02-18T20:33:46.461+0000][0.231s] Pre-touch: Enabled
[2025-02-18T20:33:46.461+0000][0.231s] Parallel Workers: 8
[2025-02-18T20:33:46.461+0000][0.231s] Concurrent Workers: 2
[2025-02-18T20:33:46.461+0000][0.231s] Concurrent Refinement Workers: 8
[2025-02-18T20:33:46.461+0000][0.232s] Periodic GC: Disabled
[2025-02-18T20:33:46.476+0000][0.247s] CDS archive(s) mapped at: [0x000000a000000000-0x000000a000a70000-0x000000a000a70000), size 10944512, SharedBaseAddress: 0x000000a000000000, ArchiveRelocationMode: 1.
[2025-02-18T20:33:46.477+0000][0.247s] Compressed class space mapped at: 0x000000a001000000-0x000000a041000000, reserved size: 1073741824
[2025-02-18T20:33:46.477+0000][0.248s] Narrow klass base: 0x000000a000000000, Narrow klass shift: 0, Narrow klass range: 0x100000000
[2025-02-18T20:33:48.886+0000][2.657s] GC(0) Pause Young (Normal) (G1 Evacuation Pause)
[2025-02-18T20:33:48.887+0000][2.657s] GC(0) Using 8 workers of 8 for evacuation
[2025-02-18T20:33:48.893+0000][2.664s] GC(0)   Pre Evacuate Collection Set: 0.6ms
[2025-02-18T20:33:48.893+0000][2.664s] GC(0)   Merge Heap Roots: 0.1ms
[2025-02-18T20:33:48.893+0000][2.664s] GC(0)   Evacuate Collection Set: 5.0ms
[2025-02-18T20:33:48.893+0000][2.664s] GC(0)   Post Evacuate Collection Set: 0.8ms
[2025-02-18T20:33:48.894+0000][2.664s] GC(0)   Other: 0.3ms
[2025-02-18T20:33:48.894+0000][2.664s] GC(0) Eden regions: 29->0(58)
[2025-02-18T20:33:48.894+0000][2.664s] GC(0) Survivor regions: 0->4(4)
[2025-02-18T20:33:48.894+0000][2.664s] GC(0) Old regions: 0->0
[2025-02-18T20:33:48.894+0000][2.664s] GC(0) Archive regions: 2->2
[2025-02-18T20:33:48.894+0000][2.664s] GC(0) Humongous regions: 0->0
[2025-02-18T20:33:48.894+0000][2.664s] GC(0) Metaspace: 9660K(9920K)->9660K(9920K) NonClass: 8467K(8576K)->8467K(8576K) Class: 1193K(1344K)->1193K(1344K)
[2025-02-18T20:33:48.894+0000][2.664s] GC(0) Pause Young (Normal) (G1 Evacuation Pause) 29M->4M(512M) 7.477ms
[2025-02-18T20:33:48.894+0000][2.665s] GC(0) User=0.04s Sys=0.00s Real=0.00s
[2025-02-18T20:33:49.339+0000][3.109s] GC(1) Pause Young (Normal) (G1 Evacuation Pause)
[2025-02-18T20:33:49.340+0000][3.110s] GC(1) Using 8 workers of 8 for evacuation
[2025-02-18T20:33:49.428+0000][3.199s] GC(1)   Pre Evacuate Collection Set: 1.7ms
[2025-02-18T20:33:49.428+0000][3.199s] GC(1)   Merge Heap Roots: 0.8ms
[2025-02-18T20:33:49.429+0000][3.199s] GC(1)   Evacuate Collection Set: 80.9ms
[2025-02-18T20:33:49.429+0000][3.199s] GC(1)   Post Evacuate Collection Set: 4.1ms
[2025-02-18T20:33:49.429+0000][3.200s] GC(1)   Other: 1.6ms
[2025-02-18T20:33:49.429+0000][3.200s] GC(1) Eden regions: 58->0(64)
[2025-02-18T20:33:49.430+0000][3.200s] GC(1) Survivor regions: 4->8(8)
[2025-02-18T20:33:49.430+0000][3.201s] GC(1) Old regions: 0->7
[2025-02-18T20:33:49.430+0000][3.201s] GC(1) Archive regions: 2->2
[2025-02-18T20:33:49.430+0000][3.201s] GC(1) Humongous regions: 4->4
[2025-02-18T20:33:49.430+0000][3.201s] GC(1) Metaspace: 17820K(18176K)->17820K(18176K) NonClass: 15628K(15808K)->15628K(15808K) Class: 2191K(2368K)->2191K(2368K)
[2025-02-18T20:33:49.431+0000][3.201s] GC(1) Pause Young (Normal) (G1 Evacuation Pause) 66M->19M(512M) 91.725ms
[2025-02-18T20:33:49.431+0000][3.201s] GC(1) User=0.46s Sys=0.08s Real=0.09s
[2025-02-18T20:33:49.777+0000][3.547s] GC(2) Pause Young (Concurrent Start) (Metadata GC Threshold)
[2025-02-18T20:33:49.777+0000][3.548s] GC(2) Using 8 workers of 8 for evacuation
[2025-02-18T20:33:49.789+0000][3.560s] GC(2)   Pre Evacuate Collection Set: 0.4ms
[2025-02-18T20:33:49.790+0000][3.560s] GC(2)   Merge Heap Roots: 0.1ms
[2025-02-18T20:33:49.790+0000][3.560s] GC(2)   Evacuate Collection Set: 10.7ms
[2025-02-18T20:33:49.790+0000][3.560s] GC(2)   Post Evacuate Collection Set: 0.7ms
[2025-02-18T20:33:49.790+0000][3.560s] GC(2)   Other: 0.6ms
[2025-02-18T20:33:49.790+0000][3.560s] GC(2) Eden regions: 46->0(88)
[2025-02-18T20:33:49.790+0000][3.560s] GC(2) Survivor regions: 8->5(9)
[2025-02-18T20:33:49.790+0000][3.560s] GC(2) Old regions: 7->16
[2025-02-18T20:33:49.790+0000][3.561s] GC(2) Archive regions: 2->2
[2025-02-18T20:33:49.790+0000][3.561s] GC(2) Humongous regions: 4->4
[2025-02-18T20:33:49.790+0000][3.561s] GC(2) Metaspace: 21206K(21504K)->21206K(21504K) NonClass: 18635K(18752K)->18635K(18752K) Class: 2571K(2752K)->2571K(2752K)
[2025-02-18T20:33:49.790+0000][3.561s] GC(2) Pause Young (Concurrent Start) (Metadata GC Threshold) 65M->24M(512M) 13.187ms
[2025-02-18T20:33:49.790+0000][3.561s] GC(2) User=0.05s Sys=0.01s Real=0.01s
[2025-02-18T20:33:49.790+0000][3.561s] GC(3) Concurrent Mark Cycle
[2025-02-18T20:33:49.790+0000][3.561s] GC(3) Concurrent Clear Claimed Marks
[2025-02-18T20:33:49.791+0000][3.561s] GC(3) Concurrent Clear Claimed Marks 0.250ms
[2025-02-18T20:33:49.791+0000][3.561s] GC(3) Concurrent Scan Root Regions
[2025-02-18T20:33:49.793+0000][3.564s] GC(3) Concurrent Scan Root Regions 2.271ms
[2025-02-18T20:33:49.793+0000][3.564s] GC(3) Concurrent Mark
[2025-02-18T20:33:49.793+0000][3.564s] GC(3) Concurrent Mark From Roots
[2025-02-18T20:33:49.793+0000][3.564s] GC(3) Using 2 workers of 2 for marking
[2025-02-18T20:33:49.797+0000][3.568s] GC(3) Concurrent Mark From Roots 3.820ms
[2025-02-18T20:33:49.797+0000][3.568s] GC(3) Concurrent Preclean
[2025-02-18T20:33:49.797+0000][3.568s] GC(3) Concurrent Preclean 0.124ms
[2025-02-18T20:33:49.798+0000][3.568s] GC(3) Pause Remark
[2025-02-18T20:33:49.800+0000][3.570s] GC(3) Pause Remark 25M->25M(512M) 2.016ms
[2025-02-18T20:33:49.800+0000][3.570s] GC(3) User=0.01s Sys=0.00s Real=0.00s
[2025-02-18T20:33:49.800+0000][3.570s] GC(3) Concurrent Mark 6.605ms
[2025-02-18T20:33:49.800+0000][3.571s] GC(3) Concurrent Rebuild Remembered Sets
[2025-02-18T20:33:49.805+0000][3.576s] GC(3) Concurrent Rebuild Remembered Sets 5.140ms
[2025-02-18T20:33:49.806+0000][3.577s] GC(3) Pause Cleanup
[2025-02-18T20:33:49.807+0000][3.577s] GC(3) Pause Cleanup 26M->26M(512M) 0.205ms
[2025-02-18T20:33:49.807+0000][3.577s] GC(3) User=0.00s Sys=0.00s Real=0.00s
[2025-02-18T20:33:49.807+0000][3.577s] GC(3) Concurrent Cleanup for Next Mark
[2025-02-18T20:33:49.811+0000][3.581s] GC(3) Concurrent Cleanup for Next Mark 3.779ms
[2025-02-18T20:33:49.811+0000][3.581s] GC(3) Concurrent Mark Cycle 20.532ms
[2025-02-18T20:33:50.693+0000][4.463s] GC(4) Pause Young (Normal) (G1 Evacuation Pause)
[2025-02-18T20:33:50.693+0000][4.463s] GC(4) Using 8 workers of 8 for evacuation
[2025-02-18T20:33:50.699+0000][4.469s] GC(4)   Pre Evacuate Collection Set: 0.2ms
[2025-02-18T20:33:50.699+0000][4.469s] GC(4)   Merge Heap Roots: 0.2ms
[2025-02-18T20:33:50.699+0000][4.469s] GC(4)   Evacuate Collection Set: 4.4ms
[2025-02-18T20:33:50.699+0000][4.469s] GC(4)   Post Evacuate Collection Set: 0.8ms
[2025-02-18T20:33:50.699+0000][4.469s] GC(4)   Other: 0.3ms
[2025-02-18T20:33:50.699+0000][4.469s] GC(4) Eden regions: 88->0(167)
[2025-02-18T20:33:50.699+0000][4.469s] GC(4) Survivor regions: 5->9(12)
[2025-02-18T20:33:50.699+0000][4.469s] GC(4) Old regions: 16->16
[2025-02-18T20:33:50.699+0000][4.469s] GC(4) Archive regions: 2->2
[2025-02-18T20:33:50.699+0000][4.469s] GC(4) Humongous regions: 4->4
[2025-02-18T20:33:50.699+0000][4.469s] GC(4) Metaspace: 34071K(34432K)->34071K(34432K) NonClass: 29858K(30080K)->29858K(30080K) Class: 4212K(4352K)->4212K(4352K)
[2025-02-18T20:33:50.699+0000][4.469s] GC(4) Pause Young (Normal) (G1 Evacuation Pause) 112M->28M(512M) 6.163ms
[2025-02-18T20:33:50.699+0000][4.470s] GC(4) User=0.03s Sys=0.01s Real=0.01s
[2025-02-18T20:33:50.923+0000][4.694s] GC(5) Pause Young (Concurrent Start) (Metadata GC Threshold)
[2025-02-18T20:33:50.924+0000][4.694s] GC(5) Using 8 workers of 8 for evacuation
[2025-02-18T20:33:50.926+0000][4.697s] GC(5)   Pre Evacuate Collection Set: 0.1ms
[2025-02-18T20:33:50.926+0000][4.697s] GC(5)   Merge Heap Roots: 0.1ms
[2025-02-18T20:33:50.926+0000][4.697s] GC(5)   Evacuate Collection Set: 1.8ms
[2025-02-18T20:33:50.926+0000][4.697s] GC(5)   Post Evacuate Collection Set: 0.4ms
[2025-02-18T20:33:50.926+0000][4.697s] GC(5)   Other: 0.4ms
[2025-02-18T20:33:50.926+0000][4.697s] GC(5) Eden regions: 11->0(259)
[2025-02-18T20:33:50.926+0000][4.697s] GC(5) Survivor regions: 9->9(22)
[2025-02-18T20:33:50.926+0000][4.697s] GC(5) Old regions: 16->16
[2025-02-18T20:33:50.926+0000][4.697s] GC(5) Archive regions: 2->2
[2025-02-18T20:33:50.927+0000][4.697s] GC(5) Humongous regions: 4->4
[2025-02-18T20:33:50.927+0000][4.697s] GC(5) Metaspace: 35842K(36160K)->35842K(36160K) NonClass: 31457K(31616K)->31457K(31616K) Class: 4385K(4544K)->4385K(4544K)
[2025-02-18T20:33:50.927+0000][4.697s] GC(5) Pause Young (Concurrent Start) (Metadata GC Threshold) 39M->29M(512M) 3.213ms
[2025-02-18T20:33:50.927+0000][4.697s] GC(5) User=0.01s Sys=0.00s Real=0.01s
[2025-02-18T20:33:50.927+0000][4.697s] GC(6) Concurrent Mark Cycle
[2025-02-18T20:33:50.927+0000][4.697s] GC(6) Concurrent Clear Claimed Marks
[2025-02-18T20:33:50.927+0000][4.697s] GC(6) Concurrent Clear Claimed Marks 0.087ms
[2025-02-18T20:33:50.927+0000][4.698s] GC(6) Concurrent Scan Root Regions
[2025-02-18T20:33:50.931+0000][4.702s] GC(6) Concurrent Scan Root Regions 4.240ms
[2025-02-18T20:33:50.932+0000][4.702s] GC(6) Concurrent Mark
[2025-02-18T20:33:50.932+0000][4.702s] GC(6) Concurrent Mark From Roots
[2025-02-18T20:33:50.932+0000][4.702s] GC(6) Using 2 workers of 2 for marking
[2025-02-18T20:33:50.942+0000][4.713s] GC(6) Concurrent Mark From Roots 10.761ms
[2025-02-18T20:33:50.943+0000][4.713s] GC(6) Concurrent Preclean
[2025-02-18T20:33:50.944+0000][4.714s] GC(6) Concurrent Preclean 0.762ms
[2025-02-18T20:33:50.948+0000][4.719s] GC(6) Pause Remark
[2025-02-18T20:33:50.952+0000][4.723s] GC(6) Pause Remark 32M->32M(512M) 3.544ms
[2025-02-18T20:33:50.952+0000][4.723s] GC(6) User=0.01s Sys=0.00s Real=0.00s
[2025-02-18T20:33:50.953+0000][4.724s] GC(6) Concurrent Mark 21.468ms
[2025-02-18T20:33:50.957+0000][4.728s] GC(6) Concurrent Rebuild Remembered Sets
[2025-02-18T20:33:50.963+0000][4.734s] GC(6) Concurrent Rebuild Remembered Sets 5.962ms
[2025-02-18T20:33:50.964+0000][4.735s] GC(6) Pause Cleanup
[2025-02-18T20:33:50.966+0000][4.736s] GC(6) Pause Cleanup 32M->32M(512M) 1.377ms
[2025-02-18T20:33:50.966+0000][4.736s] GC(6) User=0.00s Sys=0.00s Real=0.00s
[2025-02-18T20:33:50.966+0000][4.737s] GC(6) Concurrent Cleanup for Next Mark
[2025-02-18T20:33:50.970+0000][4.740s] GC(6) Concurrent Cleanup for Next Mark 3.627ms
[2025-02-18T20:33:50.970+0000][4.741s] GC(6) Concurrent Mark Cycle 43.207ms
[2025-02-18T20:37:12.848+0000][206.622s] GC(7) Pause Young (Prepare Mixed) (Metadata GC Threshold)
[2025-02-18T20:37:12.848+0000][206.622s] GC(7) Using 8 workers of 8 for evacuation
[2025-02-18T20:37:12.880+0000][206.653s] GC(7)   Pre Evacuate Collection Set: 0.4ms
[2025-02-18T20:37:12.880+0000][206.653s] GC(7)   Merge Heap Roots: 0.1ms
[2025-02-18T20:37:12.880+0000][206.653s] GC(7)   Evacuate Collection Set: 28.6ms
[2025-02-18T20:37:12.880+0000][206.653s] GC(7)   Post Evacuate Collection Set: 1.7ms
[2025-02-18T20:37:12.880+0000][206.654s] GC(7)   Other: 0.8ms
[2025-02-18T20:37:12.880+0000][206.654s] GC(7) Eden regions: 232->0(1)
[2025-02-18T20:37:12.880+0000][206.654s] GC(7) Survivor regions: 9->26(37)
[2025-02-18T20:37:12.880+0000][206.654s] GC(7) Old regions: 16->16
[2025-02-18T20:37:12.880+0000][206.654s] GC(7) Archive regions: 2->2
[2025-02-18T20:37:12.880+0000][206.654s] GC(7) Humongous regions: 4->4
[2025-02-18T20:37:12.880+0000][206.654s] GC(7) Metaspace: 60423K(60928K)->60423K(60928K) NonClass: 52701K(52928K)->52701K(52928K) Class: 7722K(8000K)->7722K(8000K)
[2025-02-18T20:37:12.880+0000][206.654s] GC(7) Pause Young (Prepare Mixed) (Metadata GC Threshold) 260M->46M(512M) 32.191ms
[2025-02-18T20:37:12.880+0000][206.654s] GC(7) User=0.23s Sys=0.00s Real=0.03s
[2025-02-18T20:37:12.895+0000][206.669s] GC(8) Pause Young (Mixed) (G1 Evacuation Pause)
[2025-02-18T20:37:12.895+0000][206.669s] GC(8) Using 8 workers of 8 for evacuation
[2025-02-18T20:37:12.917+0000][206.691s] GC(8)   Pre Evacuate Collection Set: 0.2ms
[2025-02-18T20:37:12.918+0000][206.691s] GC(8)   Merge Heap Roots: 0.1ms
[2025-02-18T20:37:12.918+0000][206.691s] GC(8)   Evacuate Collection Set: 21.0ms
[2025-02-18T20:37:12.918+0000][206.691s] GC(8)   Post Evacuate Collection Set: 1.0ms
[2025-02-18T20:37:12.918+0000][206.691s] GC(8)   Other: 0.2ms
[2025-02-18T20:37:12.918+0000][206.691s] GC(8) Eden regions: 1->0(304)
[2025-02-18T20:37:12.918+0000][206.691s] GC(8) Survivor regions: 26->3(4)
[2025-02-18T20:37:12.918+0000][206.691s] GC(8) Old regions: 16->41
[2025-02-18T20:37:12.918+0000][206.691s] GC(8) Archive regions: 2->2
[2025-02-18T20:37:12.918+0000][206.691s] GC(8) Humongous regions: 4->4
[2025-02-18T20:37:12.918+0000][206.692s] GC(8) Metaspace: 60581K(61120K)->60581K(61120K) NonClass: 52833K(53120K)->52833K(53120K) Class: 7748K(8000K)->7748K(8000K)
[2025-02-18T20:37:12.918+0000][206.692s] GC(8) Pause Young (Mixed) (G1 Evacuation Pause) 47M->47M(512M) 23.054ms
[2025-02-18T20:37:12.918+0000][206.692s] GC(8) User=0.15s Sys=0.01s Real=0.02s
[2025-02-18T20:37:12.924+0000][206.698s] GC(9) Pause Young (Concurrent Start) (Metadata GC Threshold)
[2025-02-18T20:37:12.924+0000][206.698s] GC(9) Using 8 workers of 8 for evacuation
[2025-02-18T20:37:12.926+0000][206.699s] GC(9)   Pre Evacuate Collection Set: 0.1ms
[2025-02-18T20:37:12.926+0000][206.699s] GC(9)   Merge Heap Roots: 0.0ms
[2025-02-18T20:37:12.926+0000][206.699s] GC(9)   Evacuate Collection Set: 0.7ms
[2025-02-18T20:37:12.926+0000][206.699s] GC(9)   Post Evacuate Collection Set: 0.4ms
[2025-02-18T20:37:12.926+0000][206.699s] GC(9)   Other: 0.2ms
[2025-02-18T20:37:12.926+0000][206.699s] GC(9) Eden regions: 2->0(306)
[2025-02-18T20:37:12.926+0000][206.699s] GC(9) Survivor regions: 3->1(39)
[2025-02-18T20:37:12.926+0000][206.699s] GC(9) Old regions: 41->41
[2025-02-18T20:37:12.926+0000][206.700s] GC(9) Archive regions: 2->2
[2025-02-18T20:37:12.926+0000][206.700s] GC(9) Humongous regions: 4->4
[2025-02-18T20:37:12.926+0000][206.700s] GC(9) Metaspace: 60663K(61248K)->60663K(61248K) NonClass: 52896K(53184K)->52896K(53184K) Class: 7766K(8064K)->7766K(8064K)
[2025-02-18T20:37:12.926+0000][206.700s] GC(9) Pause Young (Concurrent Start) (Metadata GC Threshold) 49M->46M(512M) 2.060ms
[2025-02-18T20:37:12.926+0000][206.700s] GC(9) User=0.00s Sys=0.00s Real=0.00s
[2025-02-18T20:37:12.926+0000][206.700s] GC(10) Concurrent Mark Cycle
[2025-02-18T20:37:12.926+0000][206.700s] GC(10) Concurrent Clear Claimed Marks
[2025-02-18T20:37:12.927+0000][206.700s] GC(10) Concurrent Clear Claimed Marks 0.089ms
[2025-02-18T20:37:12.927+0000][206.700s] GC(10) Concurrent Scan Root Regions
[2025-02-18T20:37:12.927+0000][206.701s] GC(10) Concurrent Scan Root Regions 0.663ms
[2025-02-18T20:37:12.927+0000][206.701s] GC(10) Concurrent Mark
[2025-02-18T20:37:12.927+0000][206.701s] GC(10) Concurrent Mark From Roots
[2025-02-18T20:37:12.928+0000][206.701s] GC(10) Using 2 workers of 2 for marking
[2025-02-18T20:37:12.946+0000][206.720s] GC(10) Concurrent Mark From Roots 18.786ms
[2025-02-18T20:37:12.946+0000][206.720s] GC(10) Concurrent Preclean
[2025-02-18T20:37:12.947+0000][206.720s] GC(10) Concurrent Preclean 0.155ms
[2025-02-18T20:37:12.947+0000][206.720s] GC(10) Pause Remark
[2025-02-18T20:37:12.949+0000][206.722s] GC(10) Pause Remark 47M->47M(512M) 2.263ms
[2025-02-18T20:37:12.949+0000][206.722s] GC(10) User=0.01s Sys=0.00s Real=0.00s
[2025-02-18T20:37:12.949+0000][206.723s] GC(10) Concurrent Mark 21.694ms
[2025-02-18T20:37:12.949+0000][206.723s] GC(10) Concurrent Rebuild Remembered Sets
[2025-02-18T20:37:12.959+0000][206.732s] GC(10) Concurrent Rebuild Remembered Sets 9.596ms
[2025-02-18T20:37:12.959+0000][206.732s] GC(10) Pause Cleanup
[2025-02-18T20:37:12.959+0000][206.733s] GC(10) Pause Cleanup 47M->47M(512M) 0.182ms
[2025-02-18T20:37:12.959+0000][206.733s] GC(10) User=0.00s Sys=0.00s Real=0.00s
[2025-02-18T20:37:12.959+0000][206.733s] GC(10) Concurrent Cleanup for Next Mark
[2025-02-18T20:37:12.961+0000][206.734s] GC(10) Concurrent Cleanup for Next Mark 1.534ms
[2025-02-18T20:37:12.961+0000][206.734s] GC(10) Concurrent Mark Cycle 34.567ms
