[2025-02-18T20:30:30.164+0000][0.011s] Using G1
[2025-02-18T20:30:30.439+0000][0.286s] Version: 17.0.14+7 (release)
[2025-02-18T20:30:30.440+0000][0.287s] CPUs: 8 total, 8 available
[2025-02-18T20:30:30.440+0000][0.287s] Memory: 3919M
[2025-02-18T20:30:30.440+0000][0.287s] Large Page Support: Disabled
[2025-02-18T20:30:30.440+0000][0.287s] NUMA Support: Disabled
[2025-02-18T20:30:30.440+0000][0.287s] Compressed Oops: Enabled (32-bit)
[2025-02-18T20:30:30.440+0000][0.287s] Heap Region Size: 1M
[2025-02-18T20:30:30.441+0000][0.287s] Heap Min Capacity: 512M
[2025-02-18T20:30:30.441+0000][0.287s] Heap Initial Capacity: 512M
[2025-02-18T20:30:30.441+0000][0.287s] Heap Max Capacity: 512M
[2025-02-18T20:30:30.441+0000][0.287s] Pre-touch: Enabled
[2025-02-18T20:30:30.441+0000][0.288s] Parallel Workers: 8
[2025-02-18T20:30:30.441+0000][0.288s] Concurrent Workers: 2
[2025-02-18T20:30:30.441+0000][0.288s] Concurrent Refinement Workers: 8
[2025-02-18T20:30:30.441+0000][0.288s] Periodic GC: Disabled
[2025-02-18T20:30:30.460+0000][0.307s] CDS archive(s) mapped at: [0x000000d000000000-0x000000d000a70000-0x000000d000a70000), size 10944512, SharedBaseAddress: 0x000000d000000000, ArchiveRelocationMode: 1.
[2025-02-18T20:30:30.460+0000][0.307s] Compressed class space mapped at: 0x000000d001000000-0x000000d041000000, reserved size: 1073741824
[2025-02-18T20:30:30.460+0000][0.307s] Narrow klass base: 0x000000d000000000, Narrow klass shift: 0, Narrow klass range: 0x100000000
[2025-02-18T20:30:33.229+0000][3.076s] GC(0) Pause Young (Normal) (G1 Evacuation Pause)
[2025-02-18T20:30:33.229+0000][3.076s] GC(0) Using 8 workers of 8 for evacuation
[2025-02-18T20:30:33.232+0000][3.079s] GC(0)   Pre Evacuate Collection Set: 0.1ms
[2025-02-18T20:30:33.232+0000][3.079s] GC(0)   Merge Heap Roots: 0.1ms
[2025-02-18T20:30:33.232+0000][3.079s] GC(0)   Evacuate Collection Set: 2.5ms
[2025-02-18T20:30:33.232+0000][3.079s] GC(0)   Post Evacuate Collection Set: 0.4ms
[2025-02-18T20:30:33.232+0000][3.079s] GC(0)   Other: 0.3ms
[2025-02-18T20:30:33.232+0000][3.079s] GC(0) Eden regions: 29->0(59)
[2025-02-18T20:30:33.233+0000][3.079s] GC(0) Survivor regions: 0->4(4)
[2025-02-18T20:30:33.233+0000][3.079s] GC(0) Old regions: 0->0
[2025-02-18T20:30:33.233+0000][3.079s] GC(0) Archive regions: 2->2
[2025-02-18T20:30:33.233+0000][3.079s] GC(0) Humongous regions: 0->0
[2025-02-18T20:30:33.233+0000][3.079s] GC(0) Metaspace: 9646K(9920K)->9646K(9920K) NonClass: 8456K(8576K)->8456K(8576K) Class: 1190K(1344K)->1190K(1344K)
[2025-02-18T20:30:33.233+0000][3.079s] GC(0) Pause Young (Normal) (G1 Evacuation Pause) 29M->4M(512M) 3.912ms
[2025-02-18T20:30:33.233+0000][3.079s] GC(0) User=0.02s Sys=0.00s Real=0.01s
[2025-02-18T20:30:33.577+0000][3.424s] GC(1) Pause Young (Normal) (G1 Evacuation Pause)
[2025-02-18T20:30:33.578+0000][3.424s] GC(1) Using 8 workers of 8 for evacuation
[2025-02-18T20:30:33.587+0000][3.433s] GC(1)   Pre Evacuate Collection Set: 0.1ms
[2025-02-18T20:30:33.587+0000][3.434s] GC(1)   Merge Heap Roots: 0.1ms
[2025-02-18T20:30:33.587+0000][3.434s] GC(1)   Evacuate Collection Set: 7.8ms
[2025-02-18T20:30:33.587+0000][3.434s] GC(1)   Post Evacuate Collection Set: 0.5ms
[2025-02-18T20:30:33.587+0000][3.434s] GC(1)   Other: 0.9ms
[2025-02-18T20:30:33.587+0000][3.434s] GC(1) Eden regions: 59->0(76)
[2025-02-18T20:30:33.587+0000][3.434s] GC(1) Survivor regions: 4->8(8)
[2025-02-18T20:30:33.587+0000][3.434s] GC(1) Old regions: 0->7
[2025-02-18T20:30:33.587+0000][3.434s] GC(1) Archive regions: 2->2
[2025-02-18T20:30:33.587+0000][3.434s] GC(1) Humongous regions: 4->4
[2025-02-18T20:30:33.587+0000][3.434s] GC(1) Metaspace: 17823K(18112K)->17823K(18112K) NonClass: 15633K(15808K)->15633K(15808K) Class: 2190K(2304K)->2190K(2304K)
[2025-02-18T20:30:33.587+0000][3.434s] GC(1) Pause Young (Normal) (G1 Evacuation Pause) 67M->19M(512M) 9.881ms
[2025-02-18T20:30:33.587+0000][3.434s] GC(1) User=0.06s Sys=0.01s Real=0.01s
[2025-02-18T20:30:33.790+0000][3.636s] GC(2) Pause Young (Concurrent Start) (Metadata GC Threshold)
[2025-02-18T20:30:33.790+0000][3.636s] GC(2) Using 8 workers of 8 for evacuation
[2025-02-18T20:30:33.796+0000][3.643s] GC(2)   Pre Evacuate Collection Set: 0.1ms
[2025-02-18T20:30:33.796+0000][3.643s] GC(2)   Merge Heap Roots: 0.1ms
[2025-02-18T20:30:33.796+0000][3.643s] GC(2)   Evacuate Collection Set: 5.3ms
[2025-02-18T20:30:33.796+0000][3.643s] GC(2)   Post Evacuate Collection Set: 0.4ms
[2025-02-18T20:30:33.796+0000][3.643s] GC(2)   Other: 0.4ms
[2025-02-18T20:30:33.796+0000][3.643s] GC(2) Eden regions: 51->0(94)
[2025-02-18T20:30:33.796+0000][3.643s] GC(2) Survivor regions: 8->5(11)
[2025-02-18T20:30:33.796+0000][3.643s] GC(2) Old regions: 7->15
[2025-02-18T20:30:33.796+0000][3.643s] GC(2) Archive regions: 2->2
[2025-02-18T20:30:33.796+0000][3.643s] GC(2) Humongous regions: 4->4
[2025-02-18T20:30:33.796+0000][3.643s] GC(2) Metaspace: 21203K(21504K)->21203K(21504K) NonClass: 18633K(18752K)->18633K(18752K) Class: 2569K(2752K)->2569K(2752K)
[2025-02-18T20:30:33.796+0000][3.643s] GC(2) Pause Young (Concurrent Start) (Metadata GC Threshold) 70M->24M(512M) 6.646ms
[2025-02-18T20:30:33.796+0000][3.643s] GC(2) User=0.04s Sys=0.00s Real=0.01s
[2025-02-18T20:30:33.796+0000][3.643s] GC(3) Concurrent Mark Cycle
[2025-02-18T20:30:33.796+0000][3.643s] GC(3) Concurrent Clear Claimed Marks
[2025-02-18T20:30:33.797+0000][3.643s] GC(3) Concurrent Clear Claimed Marks 0.108ms
[2025-02-18T20:30:33.797+0000][3.643s] GC(3) Concurrent Scan Root Regions
[2025-02-18T20:30:33.799+0000][3.645s] GC(3) Concurrent Scan Root Regions 1.854ms
[2025-02-18T20:30:33.799+0000][3.645s] GC(3) Concurrent Mark
[2025-02-18T20:30:33.799+0000][3.645s] GC(3) Concurrent Mark From Roots
[2025-02-18T20:30:33.799+0000][3.645s] GC(3) Using 2 workers of 2 for marking
[2025-02-18T20:30:33.802+0000][3.649s] GC(3) Concurrent Mark From Roots 3.329ms
[2025-02-18T20:30:33.802+0000][3.649s] GC(3) Concurrent Preclean
[2025-02-18T20:30:33.802+0000][3.649s] GC(3) Concurrent Preclean 0.140ms
[2025-02-18T20:30:33.803+0000][3.649s] GC(3) Pause Remark
[2025-02-18T20:30:33.804+0000][3.651s] GC(3) Pause Remark 25M->25M(512M) 1.372ms
[2025-02-18T20:30:33.804+0000][3.651s] GC(3) User=0.00s Sys=0.00s Real=0.00s
[2025-02-18T20:30:33.804+0000][3.651s] GC(3) Concurrent Mark 5.673ms
[2025-02-18T20:30:33.804+0000][3.651s] GC(3) Concurrent Rebuild Remembered Sets
[2025-02-18T20:30:33.808+0000][3.655s] GC(3) Concurrent Rebuild Remembered Sets 3.579ms
[2025-02-18T20:30:33.809+0000][3.656s] GC(3) Pause Cleanup
[2025-02-18T20:30:33.809+0000][3.656s] GC(3) Pause Cleanup 26M->26M(512M) 0.184ms
[2025-02-18T20:30:33.809+0000][3.656s] GC(3) User=0.00s Sys=0.00s Real=0.00s
[2025-02-18T20:30:33.809+0000][3.656s] GC(3) Concurrent Cleanup for Next Mark
[2025-02-18T20:30:33.810+0000][3.657s] GC(3) Concurrent Cleanup for Next Mark 0.907ms
[2025-02-18T20:30:33.810+0000][3.657s] GC(3) Concurrent Mark Cycle 13.761ms
[2025-02-18T20:30:34.934+0000][4.781s] GC(4) Pause Young (Concurrent Start) (Metadata GC Threshold)
[2025-02-18T20:30:34.934+0000][4.781s] GC(4) Using 8 workers of 8 for evacuation
[2025-02-18T20:30:34.944+0000][4.791s] GC(4)   Pre Evacuate Collection Set: 1.3ms
[2025-02-18T20:30:34.944+0000][4.791s] GC(4)   Merge Heap Roots: 0.5ms
[2025-02-18T20:30:34.944+0000][4.791s] GC(4)   Evacuate Collection Set: 6.7ms
[2025-02-18T20:30:34.944+0000][4.791s] GC(4)   Post Evacuate Collection Set: 0.8ms
[2025-02-18T20:30:34.944+0000][4.791s] GC(4)   Other: 0.9ms
[2025-02-18T20:30:34.944+0000][4.791s] GC(4) Eden regions: 94->0(172)
[2025-02-18T20:30:34.944+0000][4.791s] GC(4) Survivor regions: 5->10(13)
[2025-02-18T20:30:34.945+0000][4.791s] GC(4) Old regions: 15->15
[2025-02-18T20:30:34.945+0000][4.791s] GC(4) Archive regions: 2->2
[2025-02-18T20:30:34.945+0000][4.791s] GC(4) Humongous regions: 4->4
[2025-02-18T20:30:34.945+0000][4.791s] GC(4) Metaspace: 36002K(36288K)->36002K(36288K) NonClass: 31602K(31744K)->31602K(31744K) Class: 4400K(4544K)->4400K(4544K)
[2025-02-18T20:30:34.945+0000][4.791s] GC(4) Pause Young (Concurrent Start) (Metadata GC Threshold) 118M->29M(512M) 10.637ms
[2025-02-18T20:30:34.945+0000][4.791s] GC(4) User=0.06s Sys=0.00s Real=0.01s
[2025-02-18T20:30:34.945+0000][4.791s] GC(5) Concurrent Mark Cycle
[2025-02-18T20:30:34.947+0000][4.793s] GC(5) Concurrent Clear Claimed Marks
[2025-02-18T20:30:34.947+0000][4.794s] GC(5) Concurrent Clear Claimed Marks 0.246ms
[2025-02-18T20:30:34.947+0000][4.794s] GC(5) Concurrent Scan Root Regions
[2025-02-18T20:30:34.949+0000][4.796s] GC(5) Concurrent Scan Root Regions 1.673ms
[2025-02-18T20:30:34.949+0000][4.796s] GC(5) Concurrent Mark
[2025-02-18T20:30:34.950+0000][4.796s] GC(5) Concurrent Mark From Roots
[2025-02-18T20:30:34.950+0000][4.797s] GC(5) Using 2 workers of 2 for marking
[2025-02-18T20:30:34.960+0000][4.807s] GC(5) Concurrent Mark From Roots 10.424ms
[2025-02-18T20:30:34.960+0000][4.807s] GC(5) Concurrent Preclean
[2025-02-18T20:30:34.960+0000][4.807s] GC(5) Concurrent Preclean 0.111ms
[2025-02-18T20:30:34.962+0000][4.808s] GC(5) Pause Remark
[2025-02-18T20:30:34.963+0000][4.810s] GC(5) Pause Remark 31M->31M(512M) 1.603ms
[2025-02-18T20:30:34.963+0000][4.810s] GC(5) User=0.01s Sys=0.00s Real=0.00s
[2025-02-18T20:30:34.964+0000][4.810s] GC(5) Concurrent Mark 14.247ms
[2025-02-18T20:30:34.964+0000][4.810s] GC(5) Concurrent Rebuild Remembered Sets
[2025-02-18T20:30:34.968+0000][4.815s] GC(5) Concurrent Rebuild Remembered Sets 4.702ms
[2025-02-18T20:30:34.969+0000][4.815s] GC(5) Pause Cleanup
[2025-02-18T20:30:34.969+0000][4.816s] GC(5) Pause Cleanup 31M->31M(512M) 0.227ms
[2025-02-18T20:30:34.969+0000][4.816s] GC(5) User=0.00s Sys=0.00s Real=0.00s
[2025-02-18T20:30:34.969+0000][4.816s] GC(5) Concurrent Cleanup for Next Mark
[2025-02-18T20:30:34.972+0000][4.819s] GC(5) Concurrent Cleanup for Next Mark 2.681ms
[2025-02-18T20:30:34.972+0000][4.819s] GC(5) Concurrent Mark Cycle 27.493ms
[2025-02-18T20:30:48.566+0000][18.414s] Heap
[2025-02-18T20:30:48.567+0000][18.415s]  garbage-first heap   total 524288K, used 151887K [0x00000000e0000000, 0x0000000100000000)
[2025-02-18T20:30:48.567+0000][18.415s]   region size 1024K, 129 young (132096K), 10 survivors (10240K)
[2025-02-18T20:30:48.567+0000][18.415s]  Metaspace       used 47489K, committed 47872K, reserved 1114112K
[2025-02-18T20:30:48.567+0000][18.415s]   class space    used 6020K, committed 6208K, reserved 1048576K
