[2025-02-18T18:34:53.234+0000][0.007s] Using G1
[2025-02-18T18:34:53.469+0000][0.242s] Version: 17.0.14+7 (release)
[2025-02-18T18:34:53.469+0000][0.242s] CPUs: 8 total, 8 available
[2025-02-18T18:34:53.470+0000][0.243s] Memory: 3919M
[2025-02-18T18:34:53.470+0000][0.243s] Large Page Support: Disabled
[2025-02-18T18:34:53.470+0000][0.243s] NUMA Support: Disabled
[2025-02-18T18:34:53.470+0000][0.243s] Compressed Oops: Enabled (32-bit)
[2025-02-18T18:34:53.470+0000][0.244s] Heap Region Size: 1M
[2025-02-18T18:34:53.471+0000][0.244s] Heap Min Capacity: 512M
[2025-02-18T18:34:53.471+0000][0.244s] Heap Initial Capacity: 512M
[2025-02-18T18:34:53.471+0000][0.244s] Heap Max Capacity: 512M
[2025-02-18T18:34:53.471+0000][0.244s] Pre-touch: Enabled
[2025-02-18T18:34:53.471+0000][0.244s] Parallel Workers: 8
[2025-02-18T18:34:53.471+0000][0.244s] Concurrent Workers: 2
[2025-02-18T18:34:53.471+0000][0.244s] Concurrent Refinement Workers: 8
[2025-02-18T18:34:53.471+0000][0.244s] Periodic GC: Disabled
[2025-02-18T18:34:53.484+0000][0.257s] CDS archive(s) mapped at: [0x0000003800000000-0x0000003800a70000-0x0000003800a70000), size 10944512, SharedBaseAddress: 0x0000003800000000, ArchiveRelocationMode: 1.
[2025-02-18T18:34:53.484+0000][0.257s] Compressed class space mapped at: 0x0000003801000000-0x0000003841000000, reserved size: 1073741824
[2025-02-18T18:34:53.484+0000][0.257s] Narrow klass base: 0x0000003800000000, Narrow klass shift: 0, Narrow klass range: 0x100000000
[2025-02-18T18:34:55.017+0000][1.790s] GC(0) Pause Young (Normal) (G1 Evacuation Pause)
[2025-02-18T18:34:55.017+0000][1.790s] GC(0) Using 8 workers of 8 for evacuation
[2025-02-18T18:34:55.021+0000][1.794s] GC(0)   Pre Evacuate Collection Set: 0.5ms
[2025-02-18T18:34:55.021+0000][1.794s] GC(0)   Merge Heap Roots: 0.1ms
[2025-02-18T18:34:55.021+0000][1.794s] GC(0)   Evacuate Collection Set: 2.9ms
[2025-02-18T18:34:55.021+0000][1.794s] GC(0)   Post Evacuate Collection Set: 0.6ms
[2025-02-18T18:34:55.021+0000][1.794s] GC(0)   Other: 0.3ms
[2025-02-18T18:34:55.021+0000][1.794s] GC(0) Eden regions: 29->0(58)
[2025-02-18T18:34:55.021+0000][1.794s] GC(0) Survivor regions: 0->4(4)
[2025-02-18T18:34:55.021+0000][1.794s] GC(0) Old regions: 0->1
[2025-02-18T18:34:55.021+0000][1.795s] GC(0) Archive regions: 2->2
[2025-02-18T18:34:55.022+0000][1.795s] GC(0) Humongous regions: 0->0
[2025-02-18T18:34:55.022+0000][1.795s] GC(0) Metaspace: 9788K(10048K)->9788K(10048K) NonClass: 8577K(8704K)->8577K(8704K) Class: 1211K(1344K)->1211K(1344K)
[2025-02-18T18:34:55.022+0000][1.795s] GC(0) Pause Young (Normal) (G1 Evacuation Pause) 29M->5M(512M) 4.959ms
[2025-02-18T18:34:55.022+0000][1.795s] GC(0) User=0.02s Sys=0.00s Real=0.01s
[2025-02-18T18:34:55.332+0000][2.105s] GC(1) Pause Young (Normal) (G1 Evacuation Pause)
[2025-02-18T18:34:55.333+0000][2.106s] GC(1) Using 8 workers of 8 for evacuation
[2025-02-18T18:34:55.350+0000][2.123s] GC(1)   Pre Evacuate Collection Set: 0.3ms
[2025-02-18T18:34:55.350+0000][2.123s] GC(1)   Merge Heap Roots: 0.2ms
[2025-02-18T18:34:55.350+0000][2.123s] GC(1)   Evacuate Collection Set: 15.7ms
[2025-02-18T18:34:55.350+0000][2.123s] GC(1)   Post Evacuate Collection Set: 0.7ms
[2025-02-18T18:34:55.350+0000][2.123s] GC(1)   Other: 0.5ms
[2025-02-18T18:34:55.350+0000][2.123s] GC(1) Eden regions: 56->0(72)
[2025-02-18T18:34:55.350+0000][2.123s] GC(1) Survivor regions: 4->8(8)
[2025-02-18T18:34:55.350+0000][2.123s] GC(1) Old regions: 1->6
[2025-02-18T18:34:55.350+0000][2.123s] GC(1) Archive regions: 2->2
[2025-02-18T18:34:55.350+0000][2.123s] GC(1) Humongous regions: 4->4
[2025-02-18T18:34:55.351+0000][2.124s] GC(1) Metaspace: 17779K(18112K)->17779K(18112K) NonClass: 15588K(15744K)->15588K(15744K) Class: 2191K(2368K)->2191K(2368K)
[2025-02-18T18:34:55.351+0000][2.124s] GC(1) Pause Young (Normal) (G1 Evacuation Pause) 65M->18M(512M) 18.229ms
[2025-02-18T18:34:55.351+0000][2.124s] GC(1) User=0.11s Sys=0.00s Real=0.02s
[2025-02-18T18:34:55.584+0000][2.357s] GC(2) Pause Young (Concurrent Start) (Metadata GC Threshold)
[2025-02-18T18:34:55.585+0000][2.358s] GC(2) Using 8 workers of 8 for evacuation
[2025-02-18T18:34:55.590+0000][2.363s] GC(2)   Pre Evacuate Collection Set: 0.2ms
[2025-02-18T18:34:55.590+0000][2.363s] GC(2)   Merge Heap Roots: 0.1ms
[2025-02-18T18:34:55.590+0000][2.363s] GC(2)   Evacuate Collection Set: 4.1ms
[2025-02-18T18:34:55.590+0000][2.363s] GC(2)   Post Evacuate Collection Set: 0.4ms
[2025-02-18T18:34:55.590+0000][2.363s] GC(2)   Other: 0.7ms
[2025-02-18T18:34:55.590+0000][2.363s] GC(2) Eden regions: 55->0(93)
[2025-02-18T18:34:55.590+0000][2.363s] GC(2) Survivor regions: 8->6(10)
[2025-02-18T18:34:55.590+0000][2.363s] GC(2) Old regions: 6->14
[2025-02-18T18:34:55.590+0000][2.363s] GC(2) Archive regions: 2->2
[2025-02-18T18:34:55.590+0000][2.363s] GC(2) Humongous regions: 4->4
[2025-02-18T18:34:55.590+0000][2.363s] GC(2) Metaspace: 21206K(21504K)->21206K(21504K) NonClass: 18632K(18752K)->18632K(18752K) Class: 2574K(2752K)->2574K(2752K)
[2025-02-18T18:34:55.590+0000][2.363s] GC(2) Pause Young (Concurrent Start) (Metadata GC Threshold) 73M->24M(512M) 5.924ms
[2025-02-18T18:34:55.590+0000][2.363s] GC(2) User=0.03s Sys=0.00s Real=0.01s
[2025-02-18T18:34:55.590+0000][2.363s] GC(3) Concurrent Mark Cycle
[2025-02-18T18:34:55.591+0000][2.364s] GC(3) Concurrent Clear Claimed Marks
[2025-02-18T18:34:55.591+0000][2.364s] GC(3) Concurrent Clear Claimed Marks 0.143ms
[2025-02-18T18:34:55.591+0000][2.364s] GC(3) Concurrent Scan Root Regions
[2025-02-18T18:34:55.594+0000][2.367s] GC(3) Concurrent Scan Root Regions 2.508ms
[2025-02-18T18:34:55.594+0000][2.367s] GC(3) Concurrent Mark
[2025-02-18T18:34:55.594+0000][2.367s] GC(3) Concurrent Mark From Roots
[2025-02-18T18:34:55.594+0000][2.367s] GC(3) Using 2 workers of 2 for marking
[2025-02-18T18:34:55.598+0000][2.371s] GC(3) Concurrent Mark From Roots 3.788ms
[2025-02-18T18:34:55.598+0000][2.371s] GC(3) Concurrent Preclean
[2025-02-18T18:34:55.598+0000][2.371s] GC(3) Concurrent Preclean 0.071ms
[2025-02-18T18:34:55.598+0000][2.371s] GC(3) Pause Remark
[2025-02-18T18:34:55.600+0000][2.373s] GC(3) Pause Remark 25M->25M(512M) 1.662ms
[2025-02-18T18:34:55.600+0000][2.373s] GC(3) User=0.01s Sys=0.00s Real=0.01s
[2025-02-18T18:34:55.600+0000][2.373s] GC(3) Concurrent Mark 6.386ms
[2025-02-18T18:34:55.600+0000][2.373s] GC(3) Concurrent Rebuild Remembered Sets
[2025-02-18T18:34:55.600+0000][2.373s] GC(3) Concurrent Rebuild Remembered Sets 0.165ms
[2025-02-18T18:34:55.601+0000][2.374s] GC(3) Pause Cleanup
[2025-02-18T18:34:55.601+0000][2.374s] GC(3) Pause Cleanup 25M->25M(512M) 0.052ms
[2025-02-18T18:34:55.601+0000][2.375s] GC(3) User=0.00s Sys=0.00s Real=0.00s
[2025-02-18T18:34:55.602+0000][2.375s] GC(3) Concurrent Cleanup for Next Mark
[2025-02-18T18:34:55.606+0000][2.379s] GC(3) Concurrent Cleanup for Next Mark 4.086ms
[2025-02-18T18:34:55.606+0000][2.379s] GC(3) Concurrent Mark Cycle 15.486ms
[2025-02-18T18:34:56.535+0000][3.308s] GC(4) Pause Young (Normal) (G1 Evacuation Pause)
[2025-02-18T18:34:56.535+0000][3.309s] GC(4) Using 8 workers of 8 for evacuation
[2025-02-18T18:34:56.540+0000][3.313s] GC(4)   Pre Evacuate Collection Set: 0.2ms
[2025-02-18T18:34:56.540+0000][3.313s] GC(4)   Merge Heap Roots: 0.1ms
[2025-02-18T18:34:56.540+0000][3.313s] GC(4)   Evacuate Collection Set: 3.6ms
[2025-02-18T18:34:56.540+0000][3.313s] GC(4)   Post Evacuate Collection Set: 0.6ms
[2025-02-18T18:34:56.540+0000][3.313s] GC(4)   Other: 0.2ms
[2025-02-18T18:34:56.540+0000][3.313s] GC(4) Eden regions: 93->0(192)
[2025-02-18T18:34:56.540+0000][3.313s] GC(4) Survivor regions: 6->10(13)
[2025-02-18T18:34:56.540+0000][3.313s] GC(4) Old regions: 14->14
[2025-02-18T18:34:56.540+0000][3.314s] GC(4) Archive regions: 2->2
[2025-02-18T18:34:56.541+0000][3.314s] GC(4) Humongous regions: 4->4
[2025-02-18T18:34:56.541+0000][3.314s] GC(4) Metaspace: 35951K(36288K)->35951K(36288K) NonClass: 31559K(31744K)->31559K(31744K) Class: 4391K(4544K)->4391K(4544K)
[2025-02-18T18:34:56.541+0000][3.314s] GC(4) Pause Young (Normal) (G1 Evacuation Pause) 117M->28M(512M) 5.275ms
[2025-02-18T18:34:56.541+0000][3.314s] GC(4) User=0.02s Sys=0.00s Real=0.01s
[2025-02-18T18:34:56.547+0000][3.320s] GC(5) Pause Young (Concurrent Start) (Metadata GC Threshold)
[2025-02-18T18:34:56.547+0000][3.320s] GC(5) Using 8 workers of 8 for evacuation
[2025-02-18T18:34:56.550+0000][3.323s] GC(5)   Pre Evacuate Collection Set: 0.1ms
[2025-02-18T18:34:56.550+0000][3.323s] GC(5)   Merge Heap Roots: 0.1ms
[2025-02-18T18:34:56.550+0000][3.323s] GC(5)   Evacuate Collection Set: 2.3ms
[2025-02-18T18:34:56.550+0000][3.323s] GC(5)   Post Evacuate Collection Set: 0.4ms
[2025-02-18T18:34:56.550+0000][3.323s] GC(5)   Other: 0.4ms
[2025-02-18T18:34:56.550+0000][3.323s] GC(5) Eden regions: 2->0(296)
[2025-02-18T18:34:56.550+0000][3.324s] GC(5) Survivor regions: 10->11(26)
[2025-02-18T18:34:56.551+0000][3.324s] GC(5) Old regions: 14->14
[2025-02-18T18:34:56.551+0000][3.324s] GC(5) Archive regions: 2->2
[2025-02-18T18:34:56.551+0000][3.324s] GC(5) Humongous regions: 4->4
[2025-02-18T18:34:56.551+0000][3.324s] GC(5) Metaspace: 36000K(36288K)->36000K(36288K) NonClass: 31599K(31744K)->31599K(31744K) Class: 4400K(4544K)->4400K(4544K)
[2025-02-18T18:34:56.551+0000][3.324s] GC(5) Pause Young (Concurrent Start) (Metadata GC Threshold) 30M->29M(512M) 3.958ms
[2025-02-18T18:34:56.551+0000][3.324s] GC(5) User=0.01s Sys=0.01s Real=0.01s
[2025-02-18T18:34:56.551+0000][3.324s] GC(6) Concurrent Mark Cycle
[2025-02-18T18:34:56.551+0000][3.324s] GC(6) Concurrent Clear Claimed Marks
[2025-02-18T18:34:56.551+0000][3.324s] GC(6) Concurrent Clear Claimed Marks 0.482ms
[2025-02-18T18:34:56.552+0000][3.325s] GC(6) Concurrent Scan Root Regions
[2025-02-18T18:34:56.554+0000][3.327s] GC(6) Concurrent Scan Root Regions 2.499ms
[2025-02-18T18:34:56.554+0000][3.327s] GC(6) Concurrent Mark
[2025-02-18T18:34:56.554+0000][3.327s] GC(6) Concurrent Mark From Roots
[2025-02-18T18:34:56.555+0000][3.328s] GC(6) Using 2 workers of 2 for marking
[2025-02-18T18:34:56.562+0000][3.335s] GC(6) Concurrent Mark From Roots 7.282ms
[2025-02-18T18:34:56.562+0000][3.335s] GC(6) Concurrent Preclean
[2025-02-18T18:34:56.563+0000][3.336s] GC(6) Concurrent Preclean 0.455ms
[2025-02-18T18:34:56.563+0000][3.336s] GC(6) Pause Remark
[2025-02-18T18:34:56.567+0000][3.340s] GC(6) Pause Remark 32M->32M(512M) 3.921ms
[2025-02-18T18:34:56.567+0000][3.340s] GC(6) User=0.01s Sys=0.00s Real=0.00s
[2025-02-18T18:34:56.568+0000][3.341s] GC(6) Concurrent Mark 13.223ms
[2025-02-18T18:34:56.568+0000][3.341s] GC(6) Concurrent Rebuild Remembered Sets
[2025-02-18T18:34:56.574+0000][3.347s] GC(6) Concurrent Rebuild Remembered Sets 6.028ms
[2025-02-18T18:34:56.574+0000][3.347s] GC(6) Pause Cleanup
[2025-02-18T18:34:56.574+0000][3.347s] GC(6) Pause Cleanup 33M->33M(512M) 0.133ms
[2025-02-18T18:34:56.575+0000][3.348s] GC(6) User=0.01s Sys=0.00s Real=0.00s
[2025-02-18T18:34:56.575+0000][3.348s] GC(6) Concurrent Cleanup for Next Mark
[2025-02-18T18:34:56.577+0000][3.350s] GC(6) Concurrent Cleanup for Next Mark 2.119ms
[2025-02-18T18:34:56.577+0000][3.350s] GC(6) Concurrent Mark Cycle 26.154ms
[2025-02-18T18:39:07.757+0000][254.548s] Heap
[2025-02-18T18:39:07.758+0000][254.549s]  garbage-first heap   total 524288K, used 167944K [0x00000000e0000000, 0x0000000100000000)
[2025-02-18T18:39:07.758+0000][254.549s]   region size 1024K, 146 young (149504K), 11 survivors (11264K)
[2025-02-18T18:39:07.758+0000][254.549s]  Metaspace       used 49660K, committed 50240K, reserved 1114112K
[2025-02-18T18:39:07.758+0000][254.549s]   class space    used 6334K, committed 6592K, reserved 1048576K
