[2025-02-18T21:44:47.953+0000][0.019s] Using G1
[2025-02-18T21:44:48.175+0000][0.240s] Version: 17.0.14+7 (release)
[2025-02-18T21:44:48.176+0000][0.241s] CPUs: 4 total, 4 available
[2025-02-18T21:44:48.176+0000][0.241s] Memory: 3933M
[2025-02-18T21:44:48.177+0000][0.242s] Large Page Support: Disabled
[2025-02-18T21:44:48.177+0000][0.242s] NUMA Support: Disabled
[2025-02-18T21:44:48.178+0000][0.243s] Compressed Oops: Enabled (32-bit)
[2025-02-18T21:44:48.178+0000][0.243s] Heap Region Size: 1M
[2025-02-18T21:44:48.178+0000][0.244s] Heap Min Capacity: 512M
[2025-02-18T21:44:48.179+0000][0.244s] Heap Initial Capacity: 512M
[2025-02-18T21:44:48.179+0000][0.245s] Heap Max Capacity: 512M
[2025-02-18T21:44:48.180+0000][0.245s] Pre-touch: Enabled
[2025-02-18T21:44:48.180+0000][0.245s] Parallel Workers: 4
[2025-02-18T21:44:48.181+0000][0.246s] Concurrent Workers: 1
[2025-02-18T21:44:48.181+0000][0.246s] Concurrent Refinement Workers: 4
[2025-02-18T21:44:48.181+0000][0.246s] Periodic GC: Disabled
[2025-02-18T21:44:48.197+0000][0.262s] CDS archive(s) mapped at: [0x0000002000000000-0x0000002000a70000-0x0000002000a70000), size 10944512, SharedBaseAddress: 0x0000002000000000, ArchiveRelocationMode: 1.
[2025-02-18T21:44:48.197+0000][0.262s] Compressed class space mapped at: 0x0000002001000000-0x0000002041000000, reserved size: 1073741824
[2025-02-18T21:44:48.198+0000][0.263s] Narrow klass base: 0x0000002000000000, Narrow klass shift: 0, Narrow klass range: 0x100000000
[2025-02-18T21:44:48.569+0000][0.634s] GC(0) Pause Young (Normal) (G1 Evacuation Pause)
[2025-02-18T21:44:48.569+0000][0.634s] GC(0) Using 4 workers of 4 for evacuation
[2025-02-18T21:44:48.573+0000][0.638s] GC(0)   Pre Evacuate Collection Set: 0.1ms
[2025-02-18T21:44:48.573+0000][0.638s] GC(0)   Merge Heap Roots: 0.1ms
[2025-02-18T21:44:48.574+0000][0.639s] GC(0)   Evacuate Collection Set: 2.1ms
[2025-02-18T21:44:48.574+0000][0.639s] GC(0)   Post Evacuate Collection Set: 0.3ms
[2025-02-18T21:44:48.575+0000][0.640s] GC(0)   Other: 1.5ms
[2025-02-18T21:44:48.575+0000][0.640s] GC(0) Eden regions: 25->0(39)
[2025-02-18T21:44:48.576+0000][0.641s] GC(0) Survivor regions: 0->4(4)
[2025-02-18T21:44:48.576+0000][0.641s] GC(0) Old regions: 0->0
[2025-02-18T21:44:48.576+0000][0.642s] GC(0) Archive regions: 2->2
[2025-02-18T21:44:48.577+0000][0.642s] GC(0) Humongous regions: 0->0
[2025-02-18T21:44:48.577+0000][0.643s] GC(0) Metaspace: 7419K(7680K)->7419K(7680K) NonClass: 6501K(6656K)->6501K(6656K) Class: 918K(1024K)->918K(1024K)
[2025-02-18T21:44:48.578+0000][0.643s] GC(0) Pause Young (Normal) (G1 Evacuation Pause) 25M->4M(512M) 9.175ms
[2025-02-18T21:44:48.578+0000][0.643s] GC(0) User=0.01s Sys=0.00s Real=0.01s
[2025-02-18T21:44:49.083+0000][1.148s] GC(1) Pause Young (Normal) (G1 Evacuation Pause)
[2025-02-18T21:44:49.084+0000][1.149s] GC(1) Using 4 workers of 4 for evacuation
[2025-02-18T21:44:49.092+0000][1.157s] GC(1)   Pre Evacuate Collection Set: 0.1ms
[2025-02-18T21:44:49.092+0000][1.158s] GC(1)   Merge Heap Roots: 0.1ms
[2025-02-18T21:44:49.093+0000][1.158s] GC(1)   Evacuate Collection Set: 6.9ms
[2025-02-18T21:44:49.093+0000][1.159s] GC(1)   Post Evacuate Collection Set: 0.5ms
[2025-02-18T21:44:49.094+0000][1.159s] GC(1)   Other: 1.5ms
[2025-02-18T21:44:49.094+0000][1.160s] GC(1) Eden regions: 36->0(43)
[2025-02-18T21:44:49.095+0000][1.160s] GC(1) Survivor regions: 4->5(5)
[2025-02-18T21:44:49.095+0000][1.160s] GC(1) Old regions: 0->9
[2025-02-18T21:44:49.096+0000][1.161s] GC(1) Archive regions: 2->2
[2025-02-18T21:44:49.096+0000][1.161s] GC(1) Humongous regions: 4->4
[2025-02-18T21:44:49.096+0000][1.162s] GC(1) Metaspace: 17253K(17536K)->17253K(17536K) NonClass: 15125K(15296K)->15125K(15296K) Class: 2128K(2240K)->2128K(2240K)
[2025-02-18T21:44:49.097+0000][1.162s] GC(1) Pause Young (Normal) (G1 Evacuation Pause) 44M->17M(512M) 13.978ms
[2025-02-18T21:44:49.097+0000][1.162s] GC(1) User=0.02s Sys=0.00s Real=0.02s
[2025-02-18T21:44:49.220+0000][1.285s] GC(2) Pause Young (Normal) (G1 Evacuation Pause)
[2025-02-18T21:44:49.221+0000][1.286s] GC(2) Using 4 workers of 4 for evacuation
[2025-02-18T21:44:49.227+0000][1.292s] GC(2)   Pre Evacuate Collection Set: 0.1ms
[2025-02-18T21:44:49.227+0000][1.293s] GC(2)   Merge Heap Roots: 0.1ms
[2025-02-18T21:44:49.228+0000][1.293s] GC(2)   Evacuate Collection Set: 4.4ms
[2025-02-18T21:44:49.228+0000][1.293s] GC(2)   Post Evacuate Collection Set: 0.4ms
[2025-02-18T21:44:49.229+0000][1.294s] GC(2)   Other: 2.3ms
[2025-02-18T21:44:49.229+0000][1.294s] GC(2) Eden regions: 43->0(97)
[2025-02-18T21:44:49.230+0000][1.295s] GC(2) Survivor regions: 5->4(6)
[2025-02-18T21:44:49.230+0000][1.295s] GC(2) Old regions: 9->14
[2025-02-18T21:44:49.230+0000][1.295s] GC(2) Archive regions: 2->2
[2025-02-18T21:44:49.231+0000][1.296s] GC(2) Humongous regions: 4->4
[2025-02-18T21:44:49.231+0000][1.296s] GC(2) Metaspace: 17851K(18176K)->17851K(18176K) NonClass: 15660K(15808K)->15660K(15808K) Class: 2191K(2368K)->2191K(2368K)
[2025-02-18T21:44:49.232+0000][1.297s] GC(2) Pause Young (Normal) (G1 Evacuation Pause) 60M->21M(512M) 12.054ms
[2025-02-18T21:44:49.232+0000][1.297s] GC(2) User=0.02s Sys=0.00s Real=0.01s
[2025-02-18T21:44:49.427+0000][1.492s] GC(3) Pause Young (Concurrent Start) (Metadata GC Threshold)
[2025-02-18T21:44:49.428+0000][1.493s] GC(3) Using 4 workers of 4 for evacuation
[2025-02-18T21:44:49.432+0000][1.497s] GC(3)   Pre Evacuate Collection Set: 0.1ms
[2025-02-18T21:44:49.432+0000][1.498s] GC(3)   Merge Heap Roots: 0.1ms
[2025-02-18T21:44:49.433+0000][1.498s] GC(3)   Evacuate Collection Set: 3.1ms
[2025-02-18T21:44:49.433+0000][1.498s] GC(3)   Post Evacuate Collection Set: 0.3ms
[2025-02-18T21:44:49.434+0000][1.499s] GC(3)   Other: 1.5ms
[2025-02-18T21:44:49.434+0000][1.499s] GC(3) Eden regions: 38->0(144)
[2025-02-18T21:44:49.435+0000][1.500s] GC(3) Survivor regions: 4->6(13)
[2025-02-18T21:44:49.435+0000][1.500s] GC(3) Old regions: 14->14
[2025-02-18T21:44:49.435+0000][1.501s] GC(3) Archive regions: 2->2
[2025-02-18T21:44:49.436+0000][1.501s] GC(3) Humongous regions: 4->4
[2025-02-18T21:44:49.436+0000][1.501s] GC(3) Metaspace: 21208K(21504K)->21208K(21504K) NonClass: 18635K(18752K)->18635K(18752K) Class: 2572K(2752K)->2572K(2752K)
[2025-02-18T21:44:49.436+0000][1.502s] GC(3) Pause Young (Concurrent Start) (Metadata GC Threshold) 59M->23M(512M) 9.636ms
[2025-02-18T21:44:49.437+0000][1.502s] GC(3) User=0.01s Sys=0.00s Real=0.01s
[2025-02-18T21:44:49.437+0000][1.502s] GC(4) Concurrent Mark Cycle
[2025-02-18T21:44:49.438+0000][1.503s] GC(4) Concurrent Clear Claimed Marks
[2025-02-18T21:44:49.438+0000][1.503s] GC(4) Concurrent Clear Claimed Marks 0.370ms
[2025-02-18T21:44:49.438+0000][1.504s] GC(4) Concurrent Scan Root Regions
[2025-02-18T21:44:49.440+0000][1.505s] GC(4) Concurrent Scan Root Regions 1.862ms
[2025-02-18T21:44:49.441+0000][1.506s] GC(4) Concurrent Mark
[2025-02-18T21:44:49.441+0000][1.506s] GC(4) Concurrent Mark From Roots
[2025-02-18T21:44:49.441+0000][1.507s] GC(4) Using 1 workers of 1 for marking
[2025-02-18T21:44:49.458+0000][1.523s] GC(4) Concurrent Mark From Roots 16.704ms
[2025-02-18T21:44:49.458+0000][1.523s] GC(4) Concurrent Preclean
[2025-02-18T21:44:49.459+0000][1.524s] GC(4) Concurrent Preclean 0.483ms
[2025-02-18T21:44:49.461+0000][1.526s] GC(4) Pause Remark
[2025-02-18T21:44:49.463+0000][1.528s] GC(4) Pause Remark 27M->27M(512M) 2.238ms
[2025-02-18T21:44:49.464+0000][1.529s] GC(4) User=0.01s Sys=0.00s Real=0.00s
[2025-02-18T21:44:49.464+0000][1.529s] GC(4) Concurrent Mark 23.527ms
[2025-02-18T21:44:49.465+0000][1.530s] GC(4) Concurrent Rebuild Remembered Sets
[2025-02-18T21:44:49.475+0000][1.540s] GC(4) Concurrent Rebuild Remembered Sets 10.309ms
[2025-02-18T21:44:49.476+0000][1.541s] GC(4) Pause Cleanup
[2025-02-18T21:44:49.476+0000][1.541s] GC(4) Pause Cleanup 29M->29M(512M) 0.494ms
[2025-02-18T21:44:49.476+0000][1.542s] GC(4) User=0.00s Sys=0.00s Real=0.01s
[2025-02-18T21:44:49.477+0000][1.542s] GC(4) Concurrent Cleanup for Next Mark
[2025-02-18T21:44:49.478+0000][1.543s] GC(4) Concurrent Cleanup for Next Mark 0.874ms
[2025-02-18T21:44:49.478+0000][1.543s] GC(4) Concurrent Mark Cycle 41.011ms
[2025-02-18T21:44:50.754+0000][2.820s] GC(5) Pause Young (Prepare Mixed) (Metadata GC Threshold)
[2025-02-18T21:44:50.756+0000][2.821s] GC(5) Using 4 workers of 4 for evacuation
[2025-02-18T21:44:50.763+0000][2.828s] GC(5)   Pre Evacuate Collection Set: 0.1ms
[2025-02-18T21:44:50.764+0000][2.829s] GC(5)   Merge Heap Roots: 0.1ms
[2025-02-18T21:44:50.764+0000][2.829s] GC(5)   Evacuate Collection Set: 4.9ms
[2025-02-18T21:44:50.765+0000][2.830s] GC(5)   Post Evacuate Collection Set: 1.2ms
[2025-02-18T21:44:50.765+0000][2.830s] GC(5)   Other: 2.2ms
[2025-02-18T21:44:50.766+0000][2.831s] GC(5) Eden regions: 103->0(14)
[2025-02-18T21:44:50.766+0000][2.831s] GC(5) Survivor regions: 6->11(21)
[2025-02-18T21:44:50.767+0000][2.832s] GC(5) Old regions: 14->14
[2025-02-18T21:44:50.767+0000][2.832s] GC(5) Archive regions: 2->2
[2025-02-18T21:44:50.768+0000][2.833s] GC(5) Humongous regions: 4->4
[2025-02-18T21:44:50.768+0000][2.833s] GC(5) Metaspace: 36058K(36416K)->36058K(36416K) NonClass: 31647K(31808K)->31647K(31808K) Class: 4410K(4608K)->4410K(4608K)
[2025-02-18T21:44:50.768+0000][2.834s] GC(5) Pause Young (Prepare Mixed) (Metadata GC Threshold) 126M->28M(512M) 13.955ms
[2025-02-18T21:44:50.769+0000][2.834s] GC(5) User=0.02s Sys=0.00s Real=0.02s
[2025-02-18T21:44:50.809+0000][2.874s] GC(6) Pause Young (Mixed) (Metadata GC Threshold)
[2025-02-18T21:44:50.818+0000][2.883s] GC(6) Using 4 workers of 4 for evacuation
[2025-02-18T21:44:50.824+0000][2.889s] GC(6)   Pre Evacuate Collection Set: 0.1ms
[2025-02-18T21:44:50.824+0000][2.889s] GC(6)   Merge Heap Roots: 0.1ms
[2025-02-18T21:44:50.825+0000][2.890s] GC(6)   Evacuate Collection Set: 4.2ms
[2025-02-18T21:44:50.825+0000][2.890s] GC(6)   Post Evacuate Collection Set: 0.4ms
[2025-02-18T21:44:50.825+0000][2.891s] GC(6)   Other: 10.0ms
[2025-02-18T21:44:50.826+0000][2.891s] GC(6) Eden regions: 2->0(274)
[2025-02-18T21:44:50.826+0000][2.892s] GC(6) Survivor regions: 11->2(4)
[2025-02-18T21:44:50.827+0000][2.892s] GC(6) Old regions: 14->24
[2025-02-18T21:44:50.827+0000][2.892s] GC(6) Archive regions: 2->2
[2025-02-18T21:44:50.828+0000][2.893s] GC(6) Humongous regions: 4->4
[2025-02-18T21:44:50.828+0000][2.893s] GC(6) Metaspace: 36369K(36736K)->36369K(36736K) NonClass: 31926K(32064K)->31926K(32064K) Class: 4443K(4672K)->4443K(4672K)
[2025-02-18T21:44:50.829+0000][2.894s] GC(6) Pause Young (Mixed) (Metadata GC Threshold) 30M->29M(512M) 19.867ms
[2025-02-18T21:44:50.829+0000][2.894s] GC(6) User=0.02s Sys=0.00s Real=0.02s
[2025-02-18T21:44:50.940+0000][3.005s] GC(7) Pause Young (Concurrent Start) (Metadata GC Threshold)
[2025-02-18T21:44:50.941+0000][3.006s] GC(7) Using 4 workers of 4 for evacuation
[2025-02-18T21:44:50.944+0000][3.009s] GC(7)   Pre Evacuate Collection Set: 0.1ms
[2025-02-18T21:44:50.945+0000][3.010s] GC(7)   Merge Heap Roots: 0.1ms
[2025-02-18T21:44:50.946+0000][3.011s] GC(7)   Evacuate Collection Set: 1.3ms
[2025-02-18T21:44:50.947+0000][3.012s] GC(7)   Post Evacuate Collection Set: 0.3ms
[2025-02-18T21:44:50.952+0000][3.017s] GC(7)   Other: 2.1ms
[2025-02-18T21:44:50.961+0000][3.026s] GC(7) Eden regions: 5->0(306)
[2025-02-18T21:44:50.963+0000][3.028s] GC(7) Survivor regions: 2->1(35)
[2025-02-18T21:44:50.963+0000][3.028s] GC(7) Old regions: 24->24
[2025-02-18T21:44:50.964+0000][3.029s] GC(7) Archive regions: 2->2
[2025-02-18T21:44:50.965+0000][3.030s] GC(7) Humongous regions: 4->4
[2025-02-18T21:44:50.965+0000][3.030s] GC(7) Metaspace: 36712K(37056K)->36712K(37056K) NonClass: 32230K(32384K)->32230K(32384K) Class: 4482K(4672K)->4482K(4672K)
[2025-02-18T21:44:50.966+0000][3.031s] GC(7) Pause Young (Concurrent Start) (Metadata GC Threshold) 34M->28M(512M) 25.802ms
[2025-02-18T21:44:50.967+0000][3.032s] GC(7) User=0.03s Sys=0.01s Real=0.03s
[2025-02-18T21:44:50.967+0000][3.032s] GC(8) Concurrent Mark Cycle
[2025-02-18T21:44:50.969+0000][3.034s] GC(8) Concurrent Clear Claimed Marks
[2025-02-18T21:44:50.969+0000][3.035s] GC(8) Concurrent Clear Claimed Marks 0.663ms
[2025-02-18T21:44:50.970+0000][3.035s] GC(8) Concurrent Scan Root Regions
[2025-02-18T21:44:50.971+0000][3.036s] GC(8) Concurrent Scan Root Regions 1.169ms
[2025-02-18T21:44:50.972+0000][3.037s] GC(8) Concurrent Mark
[2025-02-18T21:44:50.973+0000][3.038s] GC(8) Concurrent Mark From Roots
[2025-02-18T21:44:50.973+0000][3.038s] GC(8) Using 1 workers of 1 for marking
[2025-02-18T21:44:50.999+0000][3.064s] GC(8) Concurrent Mark From Roots 25.871ms
[2025-02-18T21:44:51.000+0000][3.065s] GC(8) Concurrent Preclean
[2025-02-18T21:44:51.000+0000][3.065s] GC(8) Concurrent Preclean 0.779ms
[2025-02-18T21:44:51.002+0000][3.067s] GC(8) Pause Remark
[2025-02-18T21:44:51.004+0000][3.069s] GC(8) Pause Remark 31M->31M(512M) 2.613ms
[2025-02-18T21:44:51.005+0000][3.070s] GC(8) User=0.01s Sys=0.00s Real=0.00s
[2025-02-18T21:44:51.005+0000][3.070s] GC(8) Concurrent Mark 33.031ms
[2025-02-18T21:44:51.005+0000][3.071s] GC(8) Concurrent Rebuild Remembered Sets
[2025-02-18T21:44:51.021+0000][3.086s] GC(8) Concurrent Rebuild Remembered Sets 15.585ms
[2025-02-18T21:44:51.022+0000][3.087s] GC(8) Pause Cleanup
[2025-02-18T21:44:51.022+0000][3.087s] GC(8) Pause Cleanup 32M->32M(512M) 0.523ms
[2025-02-18T21:44:51.023+0000][3.088s] GC(8) User=0.00s Sys=0.00s Real=0.00s
[2025-02-18T21:44:51.023+0000][3.089s] GC(8) Concurrent Cleanup for Next Mark
[2025-02-18T21:44:51.024+0000][3.089s] GC(8) Concurrent Cleanup for Next Mark 0.768ms
[2025-02-18T21:44:51.025+0000][3.090s] GC(8) Concurrent Mark Cycle 57.324ms
[2025-02-18T21:45:59.519+0000][71.585s] GC(9) Pause Young (Prepare Mixed) (Metadata GC Threshold)
[2025-02-18T21:45:59.522+0000][71.588s] GC(9) Using 4 workers of 4 for evacuation
[2025-02-18T21:45:59.550+0000][71.616s] GC(9)   Pre Evacuate Collection Set: 0.3ms
[2025-02-18T21:45:59.551+0000][71.617s] GC(9)   Merge Heap Roots: 0.1ms
[2025-02-18T21:45:59.551+0000][71.617s] GC(9)   Evacuate Collection Set: 25.8ms
[2025-02-18T21:45:59.551+0000][71.618s] GC(9)   Post Evacuate Collection Set: 1.1ms
[2025-02-18T21:45:59.552+0000][71.618s] GC(9)   Other: 3.8ms
[2025-02-18T21:45:59.552+0000][71.619s] GC(9) Eden regions: 263->0(7)
[2025-02-18T21:45:59.553+0000][71.619s] GC(9) Survivor regions: 1->18(39)
[2025-02-18T21:45:59.553+0000][71.619s] GC(9) Old regions: 24->24
[2025-02-18T21:45:59.553+0000][71.620s] GC(9) Archive regions: 2->2
[2025-02-18T21:45:59.554+0000][71.620s] GC(9) Humongous regions: 4->4
[2025-02-18T21:45:59.554+0000][71.621s] GC(9) Metaspace: 61870K(62400K)->61870K(62400K) NonClass: 53970K(54272K)->53970K(54272K) Class: 7900K(8128K)->7900K(8128K)
[2025-02-18T21:45:59.555+0000][71.621s] GC(9) Pause Young (Prepare Mixed) (Metadata GC Threshold) 291M->45M(512M) 36.013ms
[2025-02-18T21:45:59.555+0000][71.622s] GC(9) User=0.11s Sys=0.00s Real=0.04s
[2025-02-18T21:46:06.621+0000][78.688s] GC(10) Pause Young (Mixed) (G1 Evacuation Pause)
[2025-02-18T21:46:06.622+0000][78.689s] GC(10) Using 4 workers of 4 for evacuation
[2025-02-18T21:46:06.638+0000][78.705s] GC(10)   Pre Evacuate Collection Set: 0.3ms
[2025-02-18T21:46:06.639+0000][78.706s] GC(10)   Merge Heap Roots: 0.2ms
[2025-02-18T21:46:06.639+0000][78.706s] GC(10)   Evacuate Collection Set: 14.5ms
[2025-02-18T21:46:06.640+0000][78.707s] GC(10)   Post Evacuate Collection Set: 0.9ms
[2025-02-18T21:46:06.640+0000][78.707s] GC(10)   Other: 1.6ms
[2025-02-18T21:46:06.641+0000][78.708s] GC(10) Eden regions: 7->0(305)
[2025-02-18T21:46:06.641+0000][78.708s] GC(10) Survivor regions: 18->2(4)
[2025-02-18T21:46:06.642+0000][78.709s] GC(10) Old regions: 24->41
[2025-02-18T21:46:06.642+0000][78.709s] GC(10) Archive regions: 2->2
[2025-02-18T21:46:06.643+0000][78.710s] GC(10) Humongous regions: 4->4
[2025-02-18T21:46:06.643+0000][78.710s] GC(10) Metaspace: 62050K(62592K)->62050K(62592K) NonClass: 54133K(54400K)->54133K(54400K) Class: 7916K(8192K)->7916K(8192K)
[2025-02-18T21:46:06.644+0000][78.711s] GC(10) Pause Young (Mixed) (G1 Evacuation Pause) 52M->47M(512M) 23.000ms
[2025-02-18T21:46:06.644+0000][78.711s] GC(10) User=0.06s Sys=0.01s Real=0.03s
[2025-02-18T21:46:09.906+0000][81.973s] GC(11) Pause Young (Concurrent Start) (Metadata GC Threshold)
[2025-02-18T21:46:09.907+0000][81.974s] GC(11) Using 4 workers of 4 for evacuation
[2025-02-18T21:46:09.911+0000][81.978s] GC(11)   Pre Evacuate Collection Set: 0.3ms
[2025-02-18T21:46:09.912+0000][81.979s] GC(11)   Merge Heap Roots: 0.1ms
[2025-02-18T21:46:09.913+0000][81.980s] GC(11)   Evacuate Collection Set: 1.8ms
[2025-02-18T21:46:09.913+0000][81.980s] GC(11)   Post Evacuate Collection Set: 0.6ms
[2025-02-18T21:46:09.914+0000][81.981s] GC(11)   Other: 2.1ms
[2025-02-18T21:46:09.915+0000][81.982s] GC(11) Eden regions: 11->0(306)
[2025-02-18T21:46:09.915+0000][81.982s] GC(11) Survivor regions: 2->1(39)
[2025-02-18T21:46:09.916+0000][81.983s] GC(11) Old regions: 41->41
[2025-02-18T21:46:09.916+0000][81.983s] GC(11) Archive regions: 2->2
[2025-02-18T21:46:09.917+0000][81.984s] GC(11) Humongous regions: 4->4
[2025-02-18T21:46:09.917+0000][81.984s] GC(11) Metaspace: 62200K(62720K)->62200K(62720K) NonClass: 54270K(54528K)->54270K(54528K) Class: 7930K(8192K)->7930K(8192K)
[2025-02-18T21:46:09.918+0000][81.985s] GC(11) Pause Young (Concurrent Start) (Metadata GC Threshold) 58M->46M(512M) 12.053ms
[2025-02-18T21:46:09.918+0000][81.985s] GC(11) User=0.01s Sys=0.00s Real=0.01s
[2025-02-18T21:46:09.919+0000][81.986s] GC(12) Concurrent Mark Cycle
[2025-02-18T21:46:09.920+0000][81.987s] GC(12) Concurrent Clear Claimed Marks
[2025-02-18T21:46:09.921+0000][81.988s] GC(12) Concurrent Clear Claimed Marks 1.014ms
[2025-02-18T21:46:09.922+0000][81.989s] GC(12) Concurrent Scan Root Regions
[2025-02-18T21:46:09.924+0000][81.991s] GC(12) Concurrent Scan Root Regions 2.076ms
[2025-02-18T21:46:09.924+0000][81.991s] GC(12) Concurrent Mark
[2025-02-18T21:46:09.925+0000][81.992s] GC(12) Concurrent Mark From Roots
[2025-02-18T21:46:09.926+0000][81.993s] GC(12) Using 1 workers of 1 for marking
[2025-02-18T21:46:09.988+0000][82.055s] GC(12) Concurrent Mark From Roots 62.289ms
[2025-02-18T21:46:09.988+0000][82.055s] GC(12) Concurrent Preclean
[2025-02-18T21:46:09.989+0000][82.056s] GC(12) Concurrent Preclean 0.881ms
[2025-02-18T21:46:09.990+0000][82.057s] GC(12) Pause Remark
[2025-02-18T21:46:09.997+0000][82.064s] GC(12) Pause Remark 50M->50M(512M) 6.499ms
[2025-02-18T21:46:09.997+0000][82.064s] GC(12) User=0.01s Sys=0.00s Real=0.01s
[2025-02-18T21:46:09.998+0000][82.065s] GC(12) Concurrent Mark 73.266ms
[2025-02-18T21:46:09.998+0000][82.065s] GC(12) Concurrent Rebuild Remembered Sets
[2025-02-18T21:46:10.025+0000][82.092s] GC(12) Concurrent Rebuild Remembered Sets 27.187ms
[2025-02-18T21:46:10.026+0000][82.093s] GC(12) Pause Cleanup
[2025-02-18T21:46:10.026+0000][82.093s] GC(12) Pause Cleanup 50M->50M(512M) 0.552ms
[2025-02-18T21:46:10.027+0000][82.094s] GC(12) User=0.00s Sys=0.00s Real=0.00s
[2025-02-18T21:46:10.027+0000][82.094s] GC(12) Concurrent Cleanup for Next Mark
[2025-02-18T21:46:10.030+0000][82.097s] GC(12) Concurrent Cleanup for Next Mark 2.672ms
[2025-02-18T21:46:10.030+0000][82.098s] GC(12) Concurrent Mark Cycle 111.155ms
[2025-02-18T21:46:25.889+0000][97.956s] Heap
[2025-02-18T21:46:25.890+0000][97.957s]  garbage-first heap   total 524288K, used 76031K [0x00000000e0000000, 0x0000000100000000)
[2025-02-18T21:46:25.890+0000][97.957s]   region size 1024K, 29 young (29696K), 1 survivors (1024K)
[2025-02-18T21:46:25.891+0000][97.958s]  Metaspace       used 62692K, committed 63296K, reserved 1114112K
[2025-02-18T21:46:25.891+0000][97.958s]   class space    used 8024K, committed 8320K, reserved 1048576K
