[2025-02-18T18:23:53.026+0000][0.007s] Using G1
[2025-02-18T18:23:53.210+0000][0.190s] Version: 17.0.14+7 (release)
[2025-02-18T18:23:53.211+0000][0.192s] CPUs: 8 total, 8 available
[2025-02-18T18:23:53.211+0000][0.192s] Memory: 3919M
[2025-02-18T18:23:53.211+0000][0.192s] Large Page Support: Disabled
[2025-02-18T18:23:53.212+0000][0.192s] NUMA Support: Disabled
[2025-02-18T18:23:53.212+0000][0.192s] Compressed Oops: Enabled (32-bit)
[2025-02-18T18:23:53.212+0000][0.193s] Heap Region Size: 1M
[2025-02-18T18:23:53.212+0000][0.193s] Heap Min Capacity: 512M
[2025-02-18T18:23:53.212+0000][0.193s] Heap Initial Capacity: 512M
[2025-02-18T18:23:53.212+0000][0.193s] Heap Max Capacity: 512M
[2025-02-18T18:23:53.212+0000][0.193s] Pre-touch: Enabled
[2025-02-18T18:23:53.212+0000][0.193s] Parallel Workers: 8
[2025-02-18T18:23:53.213+0000][0.193s] Concurrent Workers: 2
[2025-02-18T18:23:53.213+0000][0.193s] Concurrent Refinement Workers: 8
[2025-02-18T18:23:53.213+0000][0.193s] Periodic GC: Disabled
[2025-02-18T18:23:53.231+0000][0.212s] CDS archive(s) mapped at: [0x000000c000000000-0x000000c000a70000-0x000000c000a70000), size 10944512, SharedBaseAddress: 0x000000c000000000, ArchiveRelocationMode: 1.
[2025-02-18T18:23:53.231+0000][0.212s] Compressed class space mapped at: 0x000000c001000000-0x000000c041000000, reserved size: 1073741824
[2025-02-18T18:23:53.231+0000][0.212s] Narrow klass base: 0x000000c000000000, Narrow klass shift: 0, Narrow klass range: 0x100000000
[2025-02-18T18:23:54.737+0000][1.718s] GC(0) Pause Young (Normal) (G1 Evacuation Pause)
[2025-02-18T18:23:54.738+0000][1.718s] GC(0) Using 8 workers of 8 for evacuation
[2025-02-18T18:23:54.740+0000][1.721s] GC(0)   Pre Evacuate Collection Set: 0.1ms
[2025-02-18T18:23:54.740+0000][1.721s] GC(0)   Merge Heap Roots: 0.1ms
[2025-02-18T18:23:54.740+0000][1.721s] GC(0)   Evacuate Collection Set: 1.6ms
[2025-02-18T18:23:54.740+0000][1.721s] GC(0)   Post Evacuate Collection Set: 0.5ms
[2025-02-18T18:23:54.740+0000][1.721s] GC(0)   Other: 0.3ms
[2025-02-18T18:23:54.741+0000][1.721s] GC(0) Eden regions: 29->0(60)
[2025-02-18T18:23:54.741+0000][1.721s] GC(0) Survivor regions: 0->4(4)
[2025-02-18T18:23:54.741+0000][1.721s] GC(0) Old regions: 0->0
[2025-02-18T18:23:54.741+0000][1.721s] GC(0) Archive regions: 2->2
[2025-02-18T18:23:54.741+0000][1.722s] GC(0) Humongous regions: 0->0
[2025-02-18T18:23:54.741+0000][1.722s] GC(0) Metaspace: 9650K(9920K)->9650K(9920K) NonClass: 8458K(8576K)->8458K(8576K) Class: 1191K(1344K)->1191K(1344K)
[2025-02-18T18:23:54.741+0000][1.722s] GC(0) Pause Young (Normal) (G1 Evacuation Pause) 29M->4M(512M) 3.488ms
[2025-02-18T18:23:54.741+0000][1.722s] GC(0) User=0.01s Sys=0.00s Real=0.00s
[2025-02-18T18:23:55.058+0000][2.039s] GC(1) Pause Young (Normal) (G1 Evacuation Pause)
[2025-02-18T18:23:55.058+0000][2.039s] GC(1) Using 8 workers of 8 for evacuation
[2025-02-18T18:23:55.068+0000][2.049s] GC(1)   Pre Evacuate Collection Set: 0.9ms
[2025-02-18T18:23:55.068+0000][2.049s] GC(1)   Merge Heap Roots: 0.4ms
[2025-02-18T18:23:55.069+0000][2.049s] GC(1)   Evacuate Collection Set: 7.8ms
[2025-02-18T18:23:55.069+0000][2.049s] GC(1)   Post Evacuate Collection Set: 0.9ms
[2025-02-18T18:23:55.069+0000][2.049s] GC(1)   Other: 0.5ms
[2025-02-18T18:23:55.069+0000][2.049s] GC(1) Eden regions: 60->0(71)
[2025-02-18T18:23:55.069+0000][2.050s] GC(1) Survivor regions: 4->8(8)
[2025-02-18T18:23:55.069+0000][2.050s] GC(1) Old regions: 0->7
[2025-02-18T18:23:55.069+0000][2.050s] GC(1) Archive regions: 2->2
[2025-02-18T18:23:55.069+0000][2.050s] GC(1) Humongous regions: 4->4
[2025-02-18T18:23:55.069+0000][2.050s] GC(1) Metaspace: 17774K(18048K)->17774K(18048K) NonClass: 15583K(15744K)->15583K(15744K) Class: 2190K(2304K)->2190K(2304K)
[2025-02-18T18:23:55.069+0000][2.050s] GC(1) Pause Young (Normal) (G1 Evacuation Pause) 68M->18M(512M) 11.189ms
[2025-02-18T18:23:55.069+0000][2.050s] GC(1) User=0.06s Sys=0.01s Real=0.01s
[2025-02-18T18:23:55.254+0000][2.234s] GC(2) Pause Young (Concurrent Start) (Metadata GC Threshold)
[2025-02-18T18:23:55.254+0000][2.235s] GC(2) Using 8 workers of 8 for evacuation
[2025-02-18T18:23:55.259+0000][2.239s] GC(2)   Pre Evacuate Collection Set: 0.1ms
[2025-02-18T18:23:55.259+0000][2.240s] GC(2)   Merge Heap Roots: 0.1ms
[2025-02-18T18:23:55.259+0000][2.240s] GC(2)   Evacuate Collection Set: 3.8ms
[2025-02-18T18:23:55.259+0000][2.240s] GC(2)   Post Evacuate Collection Set: 0.5ms
[2025-02-18T18:23:55.259+0000][2.240s] GC(2)   Other: 0.5ms
[2025-02-18T18:23:55.259+0000][2.240s] GC(2) Eden regions: 53->0(83)
[2025-02-18T18:23:55.259+0000][2.240s] GC(2) Survivor regions: 8->6(10)
[2025-02-18T18:23:55.259+0000][2.240s] GC(2) Old regions: 7->15
[2025-02-18T18:23:55.259+0000][2.240s] GC(2) Archive regions: 2->2
[2025-02-18T18:23:55.259+0000][2.240s] GC(2) Humongous regions: 4->4
[2025-02-18T18:23:55.259+0000][2.240s] GC(2) Metaspace: 21192K(21504K)->21192K(21504K) NonClass: 18623K(18752K)->18623K(18752K) Class: 2569K(2752K)->2569K(2752K)
[2025-02-18T18:23:55.259+0000][2.240s] GC(2) Pause Young (Concurrent Start) (Metadata GC Threshold) 71M->24M(512M) 5.537ms
[2025-02-18T18:23:55.259+0000][2.240s] GC(2) User=0.02s Sys=0.00s Real=0.00s
[2025-02-18T18:23:55.259+0000][2.240s] GC(3) Concurrent Mark Cycle
[2025-02-18T18:23:55.259+0000][2.240s] GC(3) Concurrent Clear Claimed Marks
[2025-02-18T18:23:55.260+0000][2.240s] GC(3) Concurrent Clear Claimed Marks 0.125ms
[2025-02-18T18:23:55.260+0000][2.240s] GC(3) Concurrent Scan Root Regions
[2025-02-18T18:23:55.262+0000][2.242s] GC(3) Concurrent Scan Root Regions 2.045ms
[2025-02-18T18:23:55.262+0000][2.243s] GC(3) Concurrent Mark
[2025-02-18T18:23:55.262+0000][2.243s] GC(3) Concurrent Mark From Roots
[2025-02-18T18:23:55.262+0000][2.243s] GC(3) Using 2 workers of 2 for marking
[2025-02-18T18:23:55.265+0000][2.246s] GC(3) Concurrent Mark From Roots 3.336ms
[2025-02-18T18:23:55.265+0000][2.246s] GC(3) Concurrent Preclean
[2025-02-18T18:23:55.266+0000][2.246s] GC(3) Concurrent Preclean 0.126ms
[2025-02-18T18:23:55.267+0000][2.247s] GC(3) Pause Remark
[2025-02-18T18:23:55.268+0000][2.249s] GC(3) Pause Remark 25M->25M(512M) 1.453ms
[2025-02-18T18:23:55.268+0000][2.249s] GC(3) User=0.00s Sys=0.00s Real=0.00s
[2025-02-18T18:23:55.268+0000][2.249s] GC(3) Concurrent Mark 6.401ms
[2025-02-18T18:23:55.268+0000][2.249s] GC(3) Concurrent Rebuild Remembered Sets
[2025-02-18T18:23:55.272+0000][2.253s] GC(3) Concurrent Rebuild Remembered Sets 3.463ms
[2025-02-18T18:23:55.272+0000][2.253s] GC(3) Pause Cleanup
[2025-02-18T18:23:55.272+0000][2.253s] GC(3) Pause Cleanup 26M->26M(512M) 0.184ms
[2025-02-18T18:23:55.272+0000][2.253s] GC(3) User=0.00s Sys=0.00s Real=0.00s
[2025-02-18T18:23:55.272+0000][2.253s] GC(3) Concurrent Cleanup for Next Mark
[2025-02-18T18:23:55.273+0000][2.254s] GC(3) Concurrent Cleanup for Next Mark 0.365ms
[2025-02-18T18:23:55.273+0000][2.254s] GC(3) Concurrent Mark Cycle 13.526ms
[2025-02-18T18:23:55.918+0000][2.899s] GC(4) Pause Young (Normal) (G1 Evacuation Pause)
[2025-02-18T18:23:55.918+0000][2.899s] GC(4) Using 8 workers of 8 for evacuation
[2025-02-18T18:23:55.921+0000][2.902s] GC(4)   Pre Evacuate Collection Set: 0.1ms
[2025-02-18T18:23:55.921+0000][2.902s] GC(4)   Merge Heap Roots: 0.1ms
[2025-02-18T18:23:55.921+0000][2.902s] GC(4)   Evacuate Collection Set: 1.7ms
[2025-02-18T18:23:55.921+0000][2.902s] GC(4)   Post Evacuate Collection Set: 0.6ms
[2025-02-18T18:23:55.921+0000][2.902s] GC(4)   Other: 0.2ms
[2025-02-18T18:23:55.921+0000][2.902s] GC(4) Eden regions: 83->0(182)
[2025-02-18T18:23:55.921+0000][2.902s] GC(4) Survivor regions: 6->8(12)
[2025-02-18T18:23:55.921+0000][2.902s] GC(4) Old regions: 15->15
[2025-02-18T18:23:55.921+0000][2.902s] GC(4) Archive regions: 2->2
[2025-02-18T18:23:55.921+0000][2.902s] GC(4) Humongous regions: 4->4
[2025-02-18T18:23:55.922+0000][2.902s] GC(4) Metaspace: 32596K(32896K)->32596K(32896K) NonClass: 28600K(28736K)->28600K(28736K) Class: 3995K(4160K)->3995K(4160K)
[2025-02-18T18:23:55.922+0000][2.902s] GC(4) Pause Young (Normal) (G1 Evacuation Pause) 107M->27M(512M) 3.338ms
[2025-02-18T18:23:55.922+0000][2.902s] GC(4) User=0.01s Sys=0.01s Real=0.01s
[2025-02-18T18:23:56.150+0000][3.131s] GC(5) Pause Young (Concurrent Start) (Metadata GC Threshold)
[2025-02-18T18:23:56.150+0000][3.131s] GC(5) Using 8 workers of 8 for evacuation
[2025-02-18T18:23:56.154+0000][3.134s] GC(5)   Pre Evacuate Collection Set: 0.2ms
[2025-02-18T18:23:56.154+0000][3.134s] GC(5)   Merge Heap Roots: 0.1ms
[2025-02-18T18:23:56.154+0000][3.134s] GC(5)   Evacuate Collection Set: 2.0ms
[2025-02-18T18:23:56.154+0000][3.134s] GC(5)   Post Evacuate Collection Set: 0.7ms
[2025-02-18T18:23:56.154+0000][3.135s] GC(5)   Other: 0.3ms
[2025-02-18T18:23:56.154+0000][3.135s] GC(5) Eden regions: 25->0(279)
[2025-02-18T18:23:56.154+0000][3.135s] GC(5) Survivor regions: 8->10(24)
[2025-02-18T18:23:56.154+0000][3.135s] GC(5) Old regions: 15->15
[2025-02-18T18:23:56.154+0000][3.135s] GC(5) Archive regions: 2->2
[2025-02-18T18:23:56.154+0000][3.135s] GC(5) Humongous regions: 4->4
[2025-02-18T18:23:56.154+0000][3.135s] GC(5) Metaspace: 36062K(36416K)->36062K(36416K) NonClass: 31654K(31808K)->31654K(31808K) Class: 4408K(4608K)->4408K(4608K)
[2025-02-18T18:23:56.154+0000][3.135s] GC(5) Pause Young (Concurrent Start) (Metadata GC Threshold) 52M->29M(512M) 3.938ms
[2025-02-18T18:23:56.154+0000][3.135s] GC(5) User=0.01s Sys=0.01s Real=0.01s
[2025-02-18T18:23:56.154+0000][3.135s] GC(6) Concurrent Mark Cycle
[2025-02-18T18:23:56.154+0000][3.135s] GC(6) Concurrent Clear Claimed Marks
[2025-02-18T18:23:56.154+0000][3.135s] GC(6) Concurrent Clear Claimed Marks 0.108ms
[2025-02-18T18:23:56.155+0000][3.135s] GC(6) Concurrent Scan Root Regions
[2025-02-18T18:23:56.157+0000][3.138s] GC(6) Concurrent Scan Root Regions 2.548ms
[2025-02-18T18:23:56.157+0000][3.138s] GC(6) Concurrent Mark
[2025-02-18T18:23:56.158+0000][3.138s] GC(6) Concurrent Mark From Roots
[2025-02-18T18:23:56.160+0000][3.141s] GC(6) Using 2 workers of 2 for marking
[2025-02-18T18:23:56.169+0000][3.150s] GC(6) Concurrent Mark From Roots 11.702ms
[2025-02-18T18:23:56.170+0000][3.150s] GC(6) Concurrent Preclean
[2025-02-18T18:23:56.170+0000][3.151s] GC(6) Concurrent Preclean 0.288ms
[2025-02-18T18:23:56.171+0000][3.151s] GC(6) Pause Remark
[2025-02-18T18:23:56.172+0000][3.153s] GC(6) Pause Remark 33M->33M(512M) 1.471ms
[2025-02-18T18:23:56.172+0000][3.153s] GC(6) User=0.00s Sys=0.00s Real=0.01s
[2025-02-18T18:23:56.172+0000][3.153s] GC(6) Concurrent Mark 14.727ms
[2025-02-18T18:23:56.172+0000][3.153s] GC(6) Concurrent Rebuild Remembered Sets
[2025-02-18T18:23:56.181+0000][3.162s] GC(6) Concurrent Rebuild Remembered Sets 8.441ms
[2025-02-18T18:23:56.182+0000][3.162s] GC(6) Pause Cleanup
[2025-02-18T18:23:56.182+0000][3.163s] GC(6) Pause Cleanup 33M->33M(512M) 0.302ms
[2025-02-18T18:23:56.182+0000][3.163s] GC(6) User=0.00s Sys=0.00s Real=0.00s
[2025-02-18T18:23:56.182+0000][3.163s] GC(6) Concurrent Cleanup for Next Mark
[2025-02-18T18:23:56.185+0000][3.166s] GC(6) Concurrent Cleanup for Next Mark 2.486ms
[2025-02-18T18:23:56.185+0000][3.166s] GC(6) Concurrent Mark Cycle 30.965ms
[2025-02-18T18:24:32.962+0000][39.944s] Heap
[2025-02-18T18:24:32.963+0000][39.944s]  garbage-first heap   total 524288K, used 154517K [0x00000000e0000000, 0x0000000100000000)
[2025-02-18T18:24:32.963+0000][39.944s]   region size 1024K, 132 young (135168K), 10 survivors (10240K)
[2025-02-18T18:24:32.963+0000][39.945s]  Metaspace       used 47459K, committed 47872K, reserved 1114112K
[2025-02-18T18:24:32.963+0000][39.945s]   class space    used 6019K, committed 6208K, reserved 1048576K
