[2025-02-18T18:24:35.129+0000][0.006s] Using G1
[2025-02-18T18:24:35.301+0000][0.177s] Version: 17.0.14+7 (release)
[2025-02-18T18:24:35.302+0000][0.178s] CPUs: 8 total, 8 available
[2025-02-18T18:24:35.302+0000][0.179s] Memory: 3919M
[2025-02-18T18:24:35.302+0000][0.179s] Large Page Support: Disabled
[2025-02-18T18:24:35.303+0000][0.179s] NUMA Support: Disabled
[2025-02-18T18:24:35.303+0000][0.179s] Compressed Oops: Enabled (32-bit)
[2025-02-18T18:24:35.303+0000][0.179s] Heap Region Size: 1M
[2025-02-18T18:24:35.303+0000][0.180s] Heap Min Capacity: 512M
[2025-02-18T18:24:35.303+0000][0.180s] Heap Initial Capacity: 512M
[2025-02-18T18:24:35.303+0000][0.180s] Heap Max Capacity: 512M
[2025-02-18T18:24:35.303+0000][0.180s] Pre-touch: Enabled
[2025-02-18T18:24:35.304+0000][0.180s] Parallel Workers: 8
[2025-02-18T18:24:35.304+0000][0.180s] Concurrent Workers: 2
[2025-02-18T18:24:35.304+0000][0.180s] Concurrent Refinement Workers: 8
[2025-02-18T18:24:35.304+0000][0.181s] Periodic GC: Disabled
[2025-02-18T18:24:35.311+0000][0.187s] CDS archive(s) mapped at: [0x0000007800000000-0x0000007800a70000-0x0000007800a70000), size 10944512, SharedBaseAddress: 0x0000007800000000, ArchiveRelocationMode: 1.
[2025-02-18T18:24:35.311+0000][0.188s] Compressed class space mapped at: 0x0000007801000000-0x0000007841000000, reserved size: 1073741824
[2025-02-18T18:24:35.311+0000][0.188s] Narrow klass base: 0x0000007800000000, Narrow klass shift: 0, Narrow klass range: 0x100000000
[2025-02-18T18:24:35.875+0000][0.752s] GC(0) Pause Young (Normal) (G1 Evacuation Pause)
[2025-02-18T18:24:35.876+0000][0.752s] GC(0) Using 8 workers of 8 for evacuation
[2025-02-18T18:24:35.878+0000][0.754s] GC(0)   Pre Evacuate Collection Set: 0.2ms
[2025-02-18T18:24:35.878+0000][0.754s] GC(0)   Merge Heap Roots: 0.1ms
[2025-02-18T18:24:35.878+0000][0.755s] GC(0)   Evacuate Collection Set: 1.4ms
[2025-02-18T18:24:35.878+0000][0.755s] GC(0)   Post Evacuate Collection Set: 0.5ms
[2025-02-18T18:24:35.878+0000][0.755s] GC(0)   Other: 0.2ms
[2025-02-18T18:24:35.878+0000][0.755s] GC(0) Eden regions: 29->0(60)
[2025-02-18T18:24:35.878+0000][0.755s] GC(0) Survivor regions: 0->4(4)
[2025-02-18T18:24:35.878+0000][0.755s] GC(0) Old regions: 0->0
[2025-02-18T18:24:35.878+0000][0.755s] GC(0) Archive regions: 2->2
[2025-02-18T18:24:35.878+0000][0.755s] GC(0) Humongous regions: 0->0
[2025-02-18T18:24:35.878+0000][0.755s] GC(0) Metaspace: 9675K(9920K)->9675K(9920K) NonClass: 8482K(8576K)->8482K(8576K) Class: 1193K(1344K)->1193K(1344K)
[2025-02-18T18:24:35.878+0000][0.755s] GC(0) Pause Young (Normal) (G1 Evacuation Pause) 29M->4M(512M) 3.017ms
[2025-02-18T18:24:35.879+0000][0.755s] GC(0) User=0.00s Sys=0.01s Real=0.00s
[2025-02-18T18:24:36.180+0000][1.057s] GC(1) Pause Young (Normal) (G1 Evacuation Pause)
[2025-02-18T18:24:36.180+0000][1.057s] GC(1) Using 8 workers of 8 for evacuation
[2025-02-18T18:24:36.187+0000][1.064s] GC(1)   Pre Evacuate Collection Set: 0.1ms
[2025-02-18T18:24:36.187+0000][1.064s] GC(1)   Merge Heap Roots: 0.0ms
[2025-02-18T18:24:36.187+0000][1.064s] GC(1)   Evacuate Collection Set: 5.9ms
[2025-02-18T18:24:36.187+0000][1.064s] GC(1)   Post Evacuate Collection Set: 0.5ms
[2025-02-18T18:24:36.187+0000][1.064s] GC(1)   Other: 0.3ms
[2025-02-18T18:24:36.187+0000][1.064s] GC(1) Eden regions: 60->0(78)
[2025-02-18T18:24:36.187+0000][1.064s] GC(1) Survivor regions: 4->8(8)
[2025-02-18T18:24:36.187+0000][1.064s] GC(1) Old regions: 0->7
[2025-02-18T18:24:36.187+0000][1.064s] GC(1) Archive regions: 2->2
[2025-02-18T18:24:36.188+0000][1.064s] GC(1) Humongous regions: 4->4
[2025-02-18T18:24:36.188+0000][1.064s] GC(1) Metaspace: 17791K(18112K)->17791K(18112K) NonClass: 15600K(15744K)->15600K(15744K) Class: 2191K(2368K)->2191K(2368K)
[2025-02-18T18:24:36.188+0000][1.064s] GC(1) Pause Young (Normal) (G1 Evacuation Pause) 68M->19M(512M) 7.543ms
[2025-02-18T18:24:36.188+0000][1.064s] GC(1) User=0.04s Sys=0.00s Real=0.01s
[2025-02-18T18:24:36.351+0000][1.228s] GC(2) Pause Young (Concurrent Start) (Metadata GC Threshold)
[2025-02-18T18:24:36.351+0000][1.228s] GC(2) Using 8 workers of 8 for evacuation
[2025-02-18T18:24:36.355+0000][1.232s] GC(2)   Pre Evacuate Collection Set: 0.2ms
[2025-02-18T18:24:36.355+0000][1.232s] GC(2)   Merge Heap Roots: 0.1ms
[2025-02-18T18:24:36.355+0000][1.232s] GC(2)   Evacuate Collection Set: 2.9ms
[2025-02-18T18:24:36.356+0000][1.232s] GC(2)   Post Evacuate Collection Set: 0.6ms
[2025-02-18T18:24:36.356+0000][1.232s] GC(2)   Other: 0.4ms
[2025-02-18T18:24:36.356+0000][1.232s] GC(2) Eden regions: 50->0(93)
[2025-02-18T18:24:36.356+0000][1.232s] GC(2) Survivor regions: 8->10(11)
[2025-02-18T18:24:36.356+0000][1.232s] GC(2) Old regions: 7->10
[2025-02-18T18:24:36.356+0000][1.232s] GC(2) Archive regions: 2->2
[2025-02-18T18:24:36.356+0000][1.232s] GC(2) Humongous regions: 4->4
[2025-02-18T18:24:36.356+0000][1.232s] GC(2) Metaspace: 21204K(21504K)->21204K(21504K) NonClass: 18632K(18752K)->18632K(18752K) Class: 2571K(2752K)->2571K(2752K)
[2025-02-18T18:24:36.356+0000][1.233s] GC(2) Pause Young (Concurrent Start) (Metadata GC Threshold) 69M->24M(512M) 4.826ms
[2025-02-18T18:24:36.356+0000][1.233s] GC(2) User=0.02s Sys=0.00s Real=0.00s
[2025-02-18T18:24:36.356+0000][1.233s] GC(3) Concurrent Mark Cycle
[2025-02-18T18:24:36.356+0000][1.233s] GC(3) Concurrent Clear Claimed Marks
[2025-02-18T18:24:36.357+0000][1.233s] GC(3) Concurrent Clear Claimed Marks 0.169ms
[2025-02-18T18:24:36.357+0000][1.233s] GC(3) Concurrent Scan Root Regions
[2025-02-18T18:24:36.359+0000][1.235s] GC(3) Concurrent Scan Root Regions 2.137ms
[2025-02-18T18:24:36.359+0000][1.236s] GC(3) Concurrent Mark
[2025-02-18T18:24:36.359+0000][1.236s] GC(3) Concurrent Mark From Roots
[2025-02-18T18:24:36.359+0000][1.236s] GC(3) Using 2 workers of 2 for marking
[2025-02-18T18:24:36.362+0000][1.239s] GC(3) Concurrent Mark From Roots 3.359ms
[2025-02-18T18:24:36.363+0000][1.239s] GC(3) Concurrent Preclean
[2025-02-18T18:24:36.363+0000][1.239s] GC(3) Concurrent Preclean 0.115ms
[2025-02-18T18:24:36.364+0000][1.241s] GC(3) Pause Remark
[2025-02-18T18:24:36.365+0000][1.242s] GC(3) Pause Remark 25M->25M(512M) 1.364ms
[2025-02-18T18:24:36.365+0000][1.242s] GC(3) User=0.00s Sys=0.00s Real=0.00s
[2025-02-18T18:24:36.366+0000][1.242s] GC(3) Concurrent Mark 6.651ms
[2025-02-18T18:24:36.366+0000][1.242s] GC(3) Concurrent Rebuild Remembered Sets
[2025-02-18T18:24:36.366+0000][1.242s] GC(3) Concurrent Rebuild Remembered Sets 0.120ms
[2025-02-18T18:24:36.367+0000][1.243s] GC(3) Pause Cleanup
[2025-02-18T18:24:36.367+0000][1.243s] GC(3) Pause Cleanup 26M->26M(512M) 0.061ms
[2025-02-18T18:24:36.367+0000][1.243s] GC(3) User=0.00s Sys=0.00s Real=0.00s
[2025-02-18T18:24:36.367+0000][1.244s] GC(3) Concurrent Cleanup for Next Mark
[2025-02-18T18:24:36.367+0000][1.244s] GC(3) Concurrent Cleanup for Next Mark 0.296ms
[2025-02-18T18:24:36.367+0000][1.244s] GC(3) Concurrent Mark Cycle 11.121ms
[2025-02-18T18:24:37.170+0000][2.047s] GC(4) Pause Young (Normal) (G1 Evacuation Pause)
[2025-02-18T18:24:37.170+0000][2.047s] GC(4) Using 8 workers of 8 for evacuation
[2025-02-18T18:24:37.175+0000][2.052s] GC(4)   Pre Evacuate Collection Set: 0.3ms
[2025-02-18T18:24:37.176+0000][2.052s] GC(4)   Merge Heap Roots: 0.1ms
[2025-02-18T18:24:37.176+0000][2.052s] GC(4)   Evacuate Collection Set: 4.0ms
[2025-02-18T18:24:37.176+0000][2.052s] GC(4)   Post Evacuate Collection Set: 0.6ms
[2025-02-18T18:24:37.176+0000][2.052s] GC(4)   Other: 0.3ms
[2025-02-18T18:24:37.176+0000][2.052s] GC(4) Eden regions: 93->0(194)
[2025-02-18T18:24:37.176+0000][2.052s] GC(4) Survivor regions: 10->10(13)
[2025-02-18T18:24:37.176+0000][2.052s] GC(4) Old regions: 10->16
[2025-02-18T18:24:37.176+0000][2.052s] GC(4) Archive regions: 2->2
[2025-02-18T18:24:37.176+0000][2.052s] GC(4) Humongous regions: 4->4
[2025-02-18T18:24:37.176+0000][2.052s] GC(4) Metaspace: 34678K(35008K)->34678K(35008K) NonClass: 30411K(30592K)->30411K(30592K) Class: 4267K(4416K)->4267K(4416K)
[2025-02-18T18:24:37.176+0000][2.052s] GC(4) Pause Young (Normal) (G1 Evacuation Pause) 117M->29M(512M) 5.656ms
[2025-02-18T18:24:37.176+0000][2.052s] GC(4) User=0.03s Sys=0.00s Real=0.01s
[2025-02-18T18:24:37.338+0000][2.215s] GC(5) Pause Young (Concurrent Start) (Metadata GC Threshold)
[2025-02-18T18:24:37.339+0000][2.215s] GC(5) Using 8 workers of 8 for evacuation
[2025-02-18T18:24:37.342+0000][2.218s] GC(5)   Pre Evacuate Collection Set: 0.2ms
[2025-02-18T18:24:37.342+0000][2.218s] GC(5)   Merge Heap Roots: 0.1ms
[2025-02-18T18:24:37.342+0000][2.218s] GC(5)   Evacuate Collection Set: 2.0ms
[2025-02-18T18:24:37.342+0000][2.218s] GC(5)   Post Evacuate Collection Set: 0.4ms
[2025-02-18T18:24:37.342+0000][2.218s] GC(5)   Other: 0.8ms
[2025-02-18T18:24:37.342+0000][2.218s] GC(5) Eden regions: 8->0(297)
[2025-02-18T18:24:37.342+0000][2.218s] GC(5) Survivor regions: 10->10(26)
[2025-02-18T18:24:37.342+0000][2.218s] GC(5) Old regions: 16->16
[2025-02-18T18:24:37.342+0000][2.219s] GC(5) Archive regions: 2->2
[2025-02-18T18:24:37.342+0000][2.219s] GC(5) Humongous regions: 4->4
[2025-02-18T18:24:37.342+0000][2.219s] GC(5) Metaspace: 36002K(36416K)->36002K(36416K) NonClass: 31598K(31808K)->31598K(31808K) Class: 4404K(4608K)->4404K(4608K)
[2025-02-18T18:24:37.342+0000][2.219s] GC(5) Pause Young (Concurrent Start) (Metadata GC Threshold) 37M->29M(512M) 4.044ms
[2025-02-18T18:24:37.342+0000][2.219s] GC(5) User=0.01s Sys=0.00s Real=0.01s
[2025-02-18T18:24:37.342+0000][2.219s] GC(6) Concurrent Mark Cycle
[2025-02-18T18:24:37.342+0000][2.219s] GC(6) Concurrent Clear Claimed Marks
[2025-02-18T18:24:37.343+0000][2.219s] GC(6) Concurrent Clear Claimed Marks 0.181ms
[2025-02-18T18:24:37.343+0000][2.219s] GC(6) Concurrent Scan Root Regions
[2025-02-18T18:24:37.345+0000][2.222s] GC(6) Concurrent Scan Root Regions 2.248ms
[2025-02-18T18:24:37.345+0000][2.222s] GC(6) Concurrent Mark
[2025-02-18T18:24:37.345+0000][2.222s] GC(6) Concurrent Mark From Roots
[2025-02-18T18:24:37.345+0000][2.222s] GC(6) Using 2 workers of 2 for marking
[2025-02-18T18:24:37.352+0000][2.228s] GC(6) Concurrent Mark From Roots 6.540ms
[2025-02-18T18:24:37.352+0000][2.229s] GC(6) Concurrent Preclean
[2025-02-18T18:24:37.352+0000][2.229s] GC(6) Concurrent Preclean 0.208ms
[2025-02-18T18:24:37.353+0000][2.229s] GC(6) Pause Remark
[2025-02-18T18:24:37.355+0000][2.231s] GC(6) Pause Remark 32M->32M(512M) 1.642ms
[2025-02-18T18:24:37.355+0000][2.231s] GC(6) User=0.00s Sys=0.00s Real=0.00s
[2025-02-18T18:24:37.355+0000][2.231s] GC(6) Concurrent Mark 9.764ms
[2025-02-18T18:24:37.355+0000][2.232s] GC(6) Concurrent Rebuild Remembered Sets
[2025-02-18T18:24:37.360+0000][2.236s] GC(6) Concurrent Rebuild Remembered Sets 4.799ms
[2025-02-18T18:24:37.361+0000][2.237s] GC(6) Pause Cleanup
[2025-02-18T18:24:37.361+0000][2.238s] GC(6) Pause Cleanup 33M->33M(512M) 0.173ms
[2025-02-18T18:24:37.361+0000][2.238s] GC(6) User=0.00s Sys=0.00s Real=0.00s
[2025-02-18T18:24:37.361+0000][2.238s] GC(6) Concurrent Cleanup for Next Mark
[2025-02-18T18:24:37.362+0000][2.238s] GC(6) Concurrent Cleanup for Next Mark 0.668ms
[2025-02-18T18:24:37.362+0000][2.239s] GC(6) Concurrent Mark Cycle 19.849ms
[2025-02-18T18:25:45.704+0000][70.583s] Heap
[2025-02-18T18:25:45.705+0000][70.584s]  garbage-first heap   total 524288K, used 143152K [0x00000000e0000000, 0x0000000100000000)
[2025-02-18T18:25:45.705+0000][70.584s]   region size 1024K, 120 young (122880K), 10 survivors (10240K)
[2025-02-18T18:25:45.705+0000][70.584s]  Metaspace       used 45637K, committed 46080K, reserved 1114112K
[2025-02-18T18:25:45.705+0000][70.584s]   class space    used 5755K, committed 5952K, reserved 1048576K
