[2025-02-18T18:25:47.879+0000][0.006s] Using G1
[2025-02-18T18:25:48.075+0000][0.202s] Version: 17.0.14+7 (release)
[2025-02-18T18:25:48.076+0000][0.203s] CPUs: 8 total, 8 available
[2025-02-18T18:25:48.076+0000][0.203s] Memory: 3919M
[2025-02-18T18:25:48.076+0000][0.203s] Large Page Support: Disabled
[2025-02-18T18:25:48.076+0000][0.203s] NUMA Support: Disabled
[2025-02-18T18:25:48.076+0000][0.203s] Compressed Oops: Enabled (32-bit)
[2025-02-18T18:25:48.076+0000][0.204s] Heap Region Size: 1M
[2025-02-18T18:25:48.076+0000][0.204s] Heap Min Capacity: 512M
[2025-02-18T18:25:48.077+0000][0.204s] Heap Initial Capacity: 512M
[2025-02-18T18:25:48.077+0000][0.204s] Heap Max Capacity: 512M
[2025-02-18T18:25:48.077+0000][0.204s] Pre-touch: Enabled
[2025-02-18T18:25:48.077+0000][0.204s] Parallel Workers: 8
[2025-02-18T18:25:48.077+0000][0.204s] Concurrent Workers: 2
[2025-02-18T18:25:48.077+0000][0.204s] Concurrent Refinement Workers: 8
[2025-02-18T18:25:48.077+0000][0.204s] Periodic GC: Disabled
[2025-02-18T18:25:48.084+0000][0.211s] CDS archive(s) mapped at: [0x0000000700000000-0x0000000700a70000-0x0000000700a70000), size 10944512, SharedBaseAddress: 0x0000000700000000, ArchiveRelocationMode: 1.
[2025-02-18T18:25:48.084+0000][0.211s] Compressed class space mapped at: 0x0000000701000000-0x0000000741000000, reserved size: 1073741824
[2025-02-18T18:25:48.084+0000][0.212s] Narrow klass base: 0x0000000700000000, Narrow klass shift: 0, Narrow klass range: 0x100000000
[2025-02-18T18:25:48.928+0000][1.055s] GC(0) Pause Young (Normal) (G1 Evacuation Pause)
[2025-02-18T18:25:48.928+0000][1.055s] GC(0) Using 8 workers of 8 for evacuation
[2025-02-18T18:25:48.930+0000][1.058s] GC(0)   Pre Evacuate Collection Set: 0.1ms
[2025-02-18T18:25:48.931+0000][1.058s] GC(0)   Merge Heap Roots: 0.1ms
[2025-02-18T18:25:48.931+0000][1.058s] GC(0)   Evacuate Collection Set: 2.0ms
[2025-02-18T18:25:48.931+0000][1.058s] GC(0)   Post Evacuate Collection Set: 0.5ms
[2025-02-18T18:25:48.931+0000][1.058s] GC(0)   Other: 0.3ms
[2025-02-18T18:25:48.931+0000][1.058s] GC(0) Eden regions: 29->0(59)
[2025-02-18T18:25:48.931+0000][1.058s] GC(0) Survivor regions: 0->4(4)
[2025-02-18T18:25:48.931+0000][1.058s] GC(0) Old regions: 0->0
[2025-02-18T18:25:48.931+0000][1.058s] GC(0) Archive regions: 2->2
[2025-02-18T18:25:48.931+0000][1.058s] GC(0) Humongous regions: 0->0
[2025-02-18T18:25:48.931+0000][1.058s] GC(0) Metaspace: 9667K(9920K)->9667K(9920K) NonClass: 8473K(8576K)->8473K(8576K) Class: 1193K(1344K)->1193K(1344K)
[2025-02-18T18:25:48.931+0000][1.058s] GC(0) Pause Young (Normal) (G1 Evacuation Pause) 29M->4M(512M) 3.716ms
[2025-02-18T18:25:48.931+0000][1.058s] GC(0) User=0.01s Sys=0.00s Real=0.01s
[2025-02-18T18:25:49.206+0000][1.333s] GC(1) Pause Young (Normal) (G1 Evacuation Pause)
[2025-02-18T18:25:49.206+0000][1.333s] GC(1) Using 8 workers of 8 for evacuation
[2025-02-18T18:25:49.212+0000][1.340s] GC(1)   Pre Evacuate Collection Set: 0.2ms
[2025-02-18T18:25:49.213+0000][1.340s] GC(1)   Merge Heap Roots: 0.1ms
[2025-02-18T18:25:49.213+0000][1.340s] GC(1)   Evacuate Collection Set: 5.4ms
[2025-02-18T18:25:49.213+0000][1.340s] GC(1)   Post Evacuate Collection Set: 0.5ms
[2025-02-18T18:25:49.213+0000][1.340s] GC(1)   Other: 0.6ms
[2025-02-18T18:25:49.213+0000][1.340s] GC(1) Eden regions: 59->0(77)
[2025-02-18T18:25:49.213+0000][1.340s] GC(1) Survivor regions: 4->8(8)
[2025-02-18T18:25:49.213+0000][1.340s] GC(1) Old regions: 0->6
[2025-02-18T18:25:49.213+0000][1.340s] GC(1) Archive regions: 2->2
[2025-02-18T18:25:49.213+0000][1.340s] GC(1) Humongous regions: 4->4
[2025-02-18T18:25:49.213+0000][1.340s] GC(1) Metaspace: 17772K(18048K)->17772K(18048K) NonClass: 15582K(15744K)->15582K(15744K) Class: 2189K(2304K)->2189K(2304K)
[2025-02-18T18:25:49.213+0000][1.340s] GC(1) Pause Young (Normal) (G1 Evacuation Pause) 67M->18M(512M) 7.349ms
[2025-02-18T18:25:49.213+0000][1.340s] GC(1) User=0.05s Sys=0.00s Real=0.01s
[2025-02-18T18:25:49.432+0000][1.559s] GC(2) Pause Young (Concurrent Start) (Metadata GC Threshold)
[2025-02-18T18:25:49.432+0000][1.559s] GC(2) Using 8 workers of 8 for evacuation
[2025-02-18T18:25:49.437+0000][1.565s] GC(2)   Pre Evacuate Collection Set: 0.3ms
[2025-02-18T18:25:49.438+0000][1.565s] GC(2)   Merge Heap Roots: 0.1ms
[2025-02-18T18:25:49.438+0000][1.565s] GC(2)   Evacuate Collection Set: 4.4ms
[2025-02-18T18:25:49.438+0000][1.565s] GC(2)   Post Evacuate Collection Set: 0.5ms
[2025-02-18T18:25:49.438+0000][1.565s] GC(2)   Other: 0.6ms
[2025-02-18T18:25:49.438+0000][1.565s] GC(2) Eden regions: 56->0(103)
[2025-02-18T18:25:49.438+0000][1.565s] GC(2) Survivor regions: 8->6(11)
[2025-02-18T18:25:49.438+0000][1.565s] GC(2) Old regions: 6->15
[2025-02-18T18:25:49.438+0000][1.565s] GC(2) Archive regions: 2->2
[2025-02-18T18:25:49.438+0000][1.565s] GC(2) Humongous regions: 4->4
[2025-02-18T18:25:49.438+0000][1.565s] GC(2) Metaspace: 21201K(21504K)->21201K(21504K) NonClass: 18630K(18752K)->18630K(18752K) Class: 2570K(2752K)->2570K(2752K)
[2025-02-18T18:25:49.438+0000][1.565s] GC(2) Pause Young (Concurrent Start) (Metadata GC Threshold) 74M->24M(512M) 6.523ms
[2025-02-18T18:25:49.438+0000][1.565s] GC(2) User=0.03s Sys=0.01s Real=0.01s
[2025-02-18T18:25:49.438+0000][1.566s] GC(3) Concurrent Mark Cycle
[2025-02-18T18:25:49.438+0000][1.566s] GC(3) Concurrent Clear Claimed Marks
[2025-02-18T18:25:49.439+0000][1.566s] GC(3) Concurrent Clear Claimed Marks 0.287ms
[2025-02-18T18:25:49.439+0000][1.566s] GC(3) Concurrent Scan Root Regions
[2025-02-18T18:25:49.441+0000][1.568s] GC(3) Concurrent Scan Root Regions 2.447ms
[2025-02-18T18:25:49.441+0000][1.569s] GC(3) Concurrent Mark
[2025-02-18T18:25:49.442+0000][1.569s] GC(3) Concurrent Mark From Roots
[2025-02-18T18:25:49.442+0000][1.569s] GC(3) Using 2 workers of 2 for marking
[2025-02-18T18:25:49.445+0000][1.573s] GC(3) Concurrent Mark From Roots 3.774ms
[2025-02-18T18:25:49.446+0000][1.573s] GC(3) Concurrent Preclean
[2025-02-18T18:25:49.446+0000][1.573s] GC(3) Concurrent Preclean 0.098ms
[2025-02-18T18:25:49.446+0000][1.574s] GC(3) Pause Remark
[2025-02-18T18:25:49.448+0000][1.575s] GC(3) Pause Remark 25M->25M(512M) 1.459ms
[2025-02-18T18:25:49.448+0000][1.575s] GC(3) User=0.01s Sys=0.00s Real=0.00s
[2025-02-18T18:25:49.448+0000][1.575s] GC(3) Concurrent Mark 6.527ms
[2025-02-18T18:25:49.448+0000][1.575s] GC(3) Concurrent Rebuild Remembered Sets
[2025-02-18T18:25:49.452+0000][1.579s] GC(3) Concurrent Rebuild Remembered Sets 3.515ms
[2025-02-18T18:25:49.452+0000][1.580s] GC(3) Pause Cleanup
[2025-02-18T18:25:49.453+0000][1.580s] GC(3) Pause Cleanup 26M->26M(512M) 0.214ms
[2025-02-18T18:25:49.453+0000][1.580s] GC(3) User=0.00s Sys=0.00s Real=0.00s
[2025-02-18T18:25:49.453+0000][1.580s] GC(3) Concurrent Cleanup for Next Mark
[2025-02-18T18:25:49.453+0000][1.580s] GC(3) Concurrent Cleanup for Next Mark 0.241ms
[2025-02-18T18:25:49.453+0000][1.580s] GC(3) Concurrent Mark Cycle 14.727ms
[2025-02-18T18:25:50.426+0000][2.553s] GC(4) Pause Young (Concurrent Start) (Metadata GC Threshold)
[2025-02-18T18:25:50.426+0000][2.554s] GC(4) Using 8 workers of 8 for evacuation
[2025-02-18T18:25:50.431+0000][2.558s] GC(4)   Pre Evacuate Collection Set: 0.2ms
[2025-02-18T18:25:50.431+0000][2.558s] GC(4)   Merge Heap Roots: 0.1ms
[2025-02-18T18:25:50.431+0000][2.558s] GC(4)   Evacuate Collection Set: 2.9ms
[2025-02-18T18:25:50.431+0000][2.558s] GC(4)   Post Evacuate Collection Set: 0.7ms
[2025-02-18T18:25:50.431+0000][2.558s] GC(4)   Other: 0.4ms
[2025-02-18T18:25:50.431+0000][2.558s] GC(4) Eden regions: 101->0(190)
[2025-02-18T18:25:50.431+0000][2.558s] GC(4) Survivor regions: 6->10(14)
[2025-02-18T18:25:50.431+0000][2.558s] GC(4) Old regions: 15->15
[2025-02-18T18:25:50.431+0000][2.558s] GC(4) Archive regions: 2->2
[2025-02-18T18:25:50.431+0000][2.558s] GC(4) Humongous regions: 4->4
[2025-02-18T18:25:50.431+0000][2.558s] GC(4) Metaspace: 36042K(36416K)->36042K(36416K) NonClass: 31634K(31808K)->31634K(31808K) Class: 4408K(4608K)->4408K(4608K)
[2025-02-18T18:25:50.431+0000][2.558s] GC(4) Pause Young (Concurrent Start) (Metadata GC Threshold) 125M->29M(512M) 4.792ms
[2025-02-18T18:25:50.431+0000][2.558s] GC(4) User=0.02s Sys=0.00s Real=0.01s
[2025-02-18T18:25:50.431+0000][2.558s] GC(5) Concurrent Mark Cycle
[2025-02-18T18:25:50.432+0000][2.559s] GC(5) Concurrent Clear Claimed Marks
[2025-02-18T18:25:50.432+0000][2.560s] GC(5) Concurrent Clear Claimed Marks 0.408ms
[2025-02-18T18:25:50.433+0000][2.560s] GC(5) Concurrent Scan Root Regions
[2025-02-18T18:25:50.438+0000][2.565s] GC(5) Concurrent Scan Root Regions 5.486ms
[2025-02-18T18:25:50.438+0000][2.566s] GC(5) Concurrent Mark
[2025-02-18T18:25:50.439+0000][2.566s] GC(5) Concurrent Mark From Roots
[2025-02-18T18:25:50.439+0000][2.566s] GC(5) Using 2 workers of 2 for marking
[2025-02-18T18:25:50.449+0000][2.576s] GC(5) Concurrent Mark From Roots 10.450ms
[2025-02-18T18:25:50.449+0000][2.577s] GC(5) Concurrent Preclean
[2025-02-18T18:25:50.450+0000][2.577s] GC(5) Concurrent Preclean 0.322ms
[2025-02-18T18:25:50.451+0000][2.578s] GC(5) Pause Remark
[2025-02-18T18:25:50.453+0000][2.580s] GC(5) Pause Remark 31M->31M(512M) 1.658ms
[2025-02-18T18:25:50.453+0000][2.580s] GC(5) User=0.01s Sys=0.00s Real=0.00s
[2025-02-18T18:25:50.453+0000][2.580s] GC(5) Concurrent Mark 14.715ms
[2025-02-18T18:25:50.454+0000][2.581s] GC(5) Concurrent Rebuild Remembered Sets
[2025-02-18T18:25:50.460+0000][2.587s] GC(5) Concurrent Rebuild Remembered Sets 6.165ms
[2025-02-18T18:25:50.461+0000][2.588s] GC(5) Pause Cleanup
[2025-02-18T18:25:50.462+0000][2.589s] GC(5) Pause Cleanup 31M->31M(512M) 0.271ms
[2025-02-18T18:25:50.462+0000][2.589s] GC(5) User=0.00s Sys=0.00s Real=0.00s
[2025-02-18T18:25:50.462+0000][2.589s] GC(5) Concurrent Cleanup for Next Mark
[2025-02-18T18:25:50.463+0000][2.590s] GC(5) Concurrent Cleanup for Next Mark 0.954ms
[2025-02-18T18:25:50.463+0000][2.590s] GC(5) Concurrent Mark Cycle 31.814ms
[2025-02-18T18:27:09.427+0000][81.557s] GC(6) Pause Young (Normal) (G1 Evacuation Pause)
[2025-02-18T18:27:09.428+0000][81.558s] GC(6) Using 8 workers of 8 for evacuation
[2025-02-18T18:27:09.458+0000][81.587s] GC(6)   Pre Evacuate Collection Set: 0.5ms
[2025-02-18T18:27:09.458+0000][81.587s] GC(6)   Merge Heap Roots: 0.2ms
[2025-02-18T18:27:09.458+0000][81.587s] GC(6)   Evacuate Collection Set: 27.6ms
[2025-02-18T18:27:09.458+0000][81.587s] GC(6)   Post Evacuate Collection Set: 1.3ms
[2025-02-18T18:27:09.458+0000][81.588s] GC(6)   Other: 0.8ms
[2025-02-18T18:27:09.458+0000][81.588s] GC(6) Eden regions: 190->0(282)
[2025-02-18T18:27:09.458+0000][81.588s] GC(6) Survivor regions: 10->25(25)
[2025-02-18T18:27:09.458+0000][81.588s] GC(6) Old regions: 15->15
[2025-02-18T18:27:09.458+0000][81.588s] GC(6) Archive regions: 2->2
[2025-02-18T18:27:09.458+0000][81.588s] GC(6) Humongous regions: 4->4
[2025-02-18T18:27:09.458+0000][81.588s] GC(6) Metaspace: 58142K(58688K)->58142K(58688K) NonClass: 50667K(50944K)->50667K(50944K) Class: 7475K(7744K)->7475K(7744K)
[2025-02-18T18:27:09.458+0000][81.588s] GC(6) Pause Young (Normal) (G1 Evacuation Pause) 219M->44M(512M) 30.879ms
[2025-02-18T18:27:09.458+0000][81.588s] GC(6) User=0.19s Sys=0.00s Real=0.03s
[2025-02-18T18:31:45.453+0000][357.592s] GC(7) Pause Young (Concurrent Start) (Metadata GC Threshold)
[2025-02-18T18:31:45.453+0000][357.592s] GC(7) Using 8 workers of 8 for evacuation
[2025-02-18T18:31:45.490+0000][357.629s] GC(7)   Pre Evacuate Collection Set: 2.1ms
[2025-02-18T18:31:45.490+0000][357.629s] GC(7)   Merge Heap Roots: 0.4ms
[2025-02-18T18:31:45.490+0000][357.629s] GC(7)   Evacuate Collection Set: 32.0ms
[2025-02-18T18:31:45.490+0000][357.629s] GC(7)   Post Evacuate Collection Set: 1.5ms
[2025-02-18T18:31:45.491+0000][357.629s] GC(7)   Other: 1.2ms
[2025-02-18T18:31:45.491+0000][357.630s] GC(7) Eden regions: 31->0(289)
[2025-02-18T18:31:45.491+0000][357.630s] GC(7) Survivor regions: 25->18(39)
[2025-02-18T18:31:45.491+0000][357.630s] GC(7) Old regions: 15->25
[2025-02-18T18:31:45.491+0000][357.630s] GC(7) Archive regions: 2->2
[2025-02-18T18:31:45.491+0000][357.630s] GC(7) Humongous regions: 4->4
[2025-02-18T18:31:45.491+0000][357.630s] GC(7) Metaspace: 60352K(60928K)->60352K(60928K) NonClass: 52646K(52928K)->52646K(52928K) Class: 7705K(8000K)->7705K(8000K)
[2025-02-18T18:31:45.491+0000][357.630s] GC(7) Pause Young (Concurrent Start) (Metadata GC Threshold) 75M->47M(512M) 38.544ms
[2025-02-18T18:31:45.492+0000][357.630s] GC(7) User=0.25s Sys=0.00s Real=0.04s
[2025-02-18T18:31:45.492+0000][357.631s] GC(8) Concurrent Mark Cycle
[2025-02-18T18:31:45.492+0000][357.631s] GC(8) Concurrent Clear Claimed Marks
[2025-02-18T18:31:45.493+0000][357.631s] GC(8) Concurrent Clear Claimed Marks 0.357ms
[2025-02-18T18:31:45.493+0000][357.632s] GC(8) Concurrent Scan Root Regions
[2025-02-18T18:31:45.501+0000][357.640s] GC(8) Concurrent Scan Root Regions 8.274ms
[2025-02-18T18:31:45.501+0000][357.640s] GC(8) Concurrent Mark
[2025-02-18T18:31:45.502+0000][357.640s] GC(8) Concurrent Mark From Roots
[2025-02-18T18:31:45.502+0000][357.640s] GC(8) Using 2 workers of 2 for marking
[2025-02-18T18:31:45.517+0000][357.656s] GC(8) Concurrent Mark From Roots 15.390ms
[2025-02-18T18:31:45.517+0000][357.656s] GC(8) Concurrent Preclean
[2025-02-18T18:31:45.517+0000][357.656s] GC(8) Concurrent Preclean 0.255ms
[2025-02-18T18:31:45.518+0000][357.656s] GC(8) Pause Remark
[2025-02-18T18:31:45.525+0000][357.664s] GC(8) Pause Remark 49M->49M(512M) 7.659ms
[2025-02-18T18:31:45.526+0000][357.664s] GC(8) User=0.04s Sys=0.00s Real=0.00s
[2025-02-18T18:31:45.526+0000][357.664s] GC(8) Concurrent Mark 24.270ms
[2025-02-18T18:31:45.529+0000][357.668s] GC(8) Concurrent Rebuild Remembered Sets
[2025-02-18T18:31:45.535+0000][357.674s] GC(8) Concurrent Rebuild Remembered Sets 6.606ms
[2025-02-18T18:31:45.536+0000][357.674s] GC(8) Pause Cleanup
[2025-02-18T18:31:45.536+0000][357.675s] GC(8) Pause Cleanup 50M->50M(512M) 0.217ms
[2025-02-18T18:31:45.536+0000][357.675s] GC(8) User=0.00s Sys=0.00s Real=0.00s
[2025-02-18T18:31:45.536+0000][357.675s] GC(8) Concurrent Cleanup for Next Mark
[2025-02-18T18:31:45.541+0000][357.679s] GC(8) Concurrent Cleanup for Next Mark 4.755ms
[2025-02-18T18:31:45.541+0000][357.680s] GC(8) Concurrent Mark Cycle 48.983ms
[2025-02-18T18:34:50.878+0000][543.024s] Heap
[2025-02-18T18:34:50.878+0000][543.024s]  garbage-first heap   total 524288K, used 76859K [0x00000000e0000000, 0x0000000100000000)
[2025-02-18T18:34:50.878+0000][543.024s]   region size 1024K, 46 young (47104K), 18 survivors (18432K)
[2025-02-18T18:34:50.878+0000][543.025s]  Metaspace       used 60753K, committed 61376K, reserved 1114112K
[2025-02-18T18:34:50.878+0000][543.025s]   class space    used 7776K, committed 8064K, reserved 1048576K
