[2025-02-18T19:01:53.472+0000][0.008s] Using G1
[2025-02-18T19:01:53.668+0000][0.204s] Version: 17.0.14+7 (release)
[2025-02-18T19:01:53.669+0000][0.204s] CPUs: 8 total, 8 available
[2025-02-18T19:01:53.669+0000][0.205s] Memory: 3919M
[2025-02-18T19:01:53.669+0000][0.205s] Large Page Support: Disabled
[2025-02-18T19:01:53.669+0000][0.205s] NUMA Support: Disabled
[2025-02-18T19:01:53.669+0000][0.205s] Compressed Oops: Enabled (32-bit)
[2025-02-18T19:01:53.669+0000][0.205s] Heap Region Size: 1M
[2025-02-18T19:01:53.669+0000][0.205s] Heap Min Capacity: 512M
[2025-02-18T19:01:53.669+0000][0.205s] Heap Initial Capacity: 512M
[2025-02-18T19:01:53.669+0000][0.205s] Heap Max Capacity: 512M
[2025-02-18T19:01:53.669+0000][0.205s] Pre-touch: Enabled
[2025-02-18T19:01:53.669+0000][0.205s] Parallel Workers: 8
[2025-02-18T19:01:53.669+0000][0.205s] Concurrent Workers: 2
[2025-02-18T19:01:53.669+0000][0.205s] Concurrent Refinement Workers: 8
[2025-02-18T19:01:53.669+0000][0.205s] Periodic GC: Disabled
[2025-02-18T19:01:53.691+0000][0.227s] CDS archive(s) mapped at: [0x0000002000000000-0x0000002000a70000-0x0000002000a70000), size 10944512, SharedBaseAddress: 0x0000002000000000, ArchiveRelocationMode: 1.
[2025-02-18T19:01:53.691+0000][0.227s] Compressed class space mapped at: 0x0000002001000000-0x0000002041000000, reserved size: 1073741824
[2025-02-18T19:01:53.691+0000][0.227s] Narrow klass base: 0x0000002000000000, Narrow klass shift: 0, Narrow klass range: 0x100000000
[2025-02-18T19:01:55.454+0000][1.989s] GC(0) Pause Young (Normal) (G1 Evacuation Pause)
[2025-02-18T19:01:55.454+0000][1.989s] GC(0) Using 8 workers of 8 for evacuation
[2025-02-18T19:01:55.458+0000][1.993s] GC(0)   Pre Evacuate Collection Set: 0.4ms
[2025-02-18T19:01:55.458+0000][1.994s] GC(0)   Merge Heap Roots: 0.1ms
[2025-02-18T19:01:55.458+0000][1.994s] GC(0)   Evacuate Collection Set: 2.9ms
[2025-02-18T19:01:55.458+0000][1.994s] GC(0)   Post Evacuate Collection Set: 0.6ms
[2025-02-18T19:01:55.458+0000][1.994s] GC(0)   Other: 0.4ms
[2025-02-18T19:01:55.458+0000][1.994s] GC(0) Eden regions: 29->0(59)
[2025-02-18T19:01:55.458+0000][1.994s] GC(0) Survivor regions: 0->4(4)
[2025-02-18T19:01:55.458+0000][1.994s] GC(0) Old regions: 0->0
[2025-02-18T19:01:55.458+0000][1.994s] GC(0) Archive regions: 2->2
[2025-02-18T19:01:55.458+0000][1.994s] GC(0) Humongous regions: 0->0
[2025-02-18T19:01:55.458+0000][1.994s] GC(0) Metaspace: 9665K(9920K)->9665K(9920K) NonClass: 8472K(8576K)->8472K(8576K) Class: 1192K(1344K)->1192K(1344K)
[2025-02-18T19:01:55.458+0000][1.994s] GC(0) Pause Young (Normal) (G1 Evacuation Pause) 29M->4M(512M) 4.888ms
[2025-02-18T19:01:55.458+0000][1.994s] GC(0) User=0.01s Sys=0.01s Real=0.00s
[2025-02-18T19:01:55.800+0000][2.336s] GC(1) Pause Young (Normal) (G1 Evacuation Pause)
[2025-02-18T19:01:55.800+0000][2.336s] GC(1) Using 8 workers of 8 for evacuation
[2025-02-18T19:01:55.812+0000][2.348s] GC(1)   Pre Evacuate Collection Set: 0.1ms
[2025-02-18T19:01:55.812+0000][2.348s] GC(1)   Merge Heap Roots: 0.1ms
[2025-02-18T19:01:55.812+0000][2.348s] GC(1)   Evacuate Collection Set: 10.9ms
[2025-02-18T19:01:55.812+0000][2.348s] GC(1)   Post Evacuate Collection Set: 0.6ms
[2025-02-18T19:01:55.812+0000][2.348s] GC(1)   Other: 0.5ms
[2025-02-18T19:01:55.812+0000][2.348s] GC(1) Eden regions: 59->0(76)
[2025-02-18T19:01:55.812+0000][2.348s] GC(1) Survivor regions: 4->8(8)
[2025-02-18T19:01:55.812+0000][2.348s] GC(1) Old regions: 0->6
[2025-02-18T19:01:55.813+0000][2.348s] GC(1) Archive regions: 2->2
[2025-02-18T19:01:55.813+0000][2.348s] GC(1) Humongous regions: 4->4
[2025-02-18T19:01:55.813+0000][2.348s] GC(1) Metaspace: 17806K(18112K)->17806K(18112K) NonClass: 15616K(15808K)->15616K(15808K) Class: 2190K(2304K)->2190K(2304K)
[2025-02-18T19:01:55.813+0000][2.348s] GC(1) Pause Young (Normal) (G1 Evacuation Pause) 67M->18M(512M) 12.820ms
[2025-02-18T19:01:55.813+0000][2.348s] GC(1) User=0.08s Sys=0.00s Real=0.01s
[2025-02-18T19:01:56.000+0000][2.536s] GC(2) Pause Young (Concurrent Start) (Metadata GC Threshold)
[2025-02-18T19:01:56.000+0000][2.536s] GC(2) Using 8 workers of 8 for evacuation
[2025-02-18T19:01:56.005+0000][2.540s] GC(2)   Pre Evacuate Collection Set: 0.1ms
[2025-02-18T19:01:56.005+0000][2.541s] GC(2)   Merge Heap Roots: 0.1ms
[2025-02-18T19:01:56.005+0000][2.541s] GC(2)   Evacuate Collection Set: 3.4ms
[2025-02-18T19:01:56.005+0000][2.541s] GC(2)   Post Evacuate Collection Set: 0.5ms
[2025-02-18T19:01:56.005+0000][2.541s] GC(2)   Other: 0.5ms
[2025-02-18T19:01:56.005+0000][2.541s] GC(2) Eden regions: 53->0(92)
[2025-02-18T19:01:56.005+0000][2.541s] GC(2) Survivor regions: 8->11(11)
[2025-02-18T19:01:56.005+0000][2.541s] GC(2) Old regions: 6->9
[2025-02-18T19:01:56.005+0000][2.541s] GC(2) Archive regions: 2->2
[2025-02-18T19:01:56.005+0000][2.541s] GC(2) Humongous regions: 4->4
[2025-02-18T19:01:56.005+0000][2.541s] GC(2) Metaspace: 21196K(21504K)->21196K(21504K) NonClass: 18626K(18752K)->18626K(18752K) Class: 2570K(2752K)->2570K(2752K)
[2025-02-18T19:01:56.005+0000][2.541s] GC(2) Pause Young (Concurrent Start) (Metadata GC Threshold) 71M->24M(512M) 5.170ms
[2025-02-18T19:01:56.005+0000][2.541s] GC(2) User=0.02s Sys=0.00s Real=0.00s
[2025-02-18T19:01:56.006+0000][2.541s] GC(3) Concurrent Mark Cycle
[2025-02-18T19:01:56.006+0000][2.541s] GC(3) Concurrent Clear Claimed Marks
[2025-02-18T19:01:56.006+0000][2.541s] GC(3) Concurrent Clear Claimed Marks 0.095ms
[2025-02-18T19:01:56.006+0000][2.542s] GC(3) Concurrent Scan Root Regions
[2025-02-18T19:01:56.008+0000][2.544s] GC(3) Concurrent Scan Root Regions 2.298ms
[2025-02-18T19:01:56.008+0000][2.544s] GC(3) Concurrent Mark
[2025-02-18T19:01:56.008+0000][2.544s] GC(3) Concurrent Mark From Roots
[2025-02-18T19:01:56.009+0000][2.544s] GC(3) Using 2 workers of 2 for marking
[2025-02-18T19:01:56.012+0000][2.547s] GC(3) Concurrent Mark From Roots 3.336ms
[2025-02-18T19:01:56.012+0000][2.548s] GC(3) Concurrent Preclean
[2025-02-18T19:01:56.012+0000][2.548s] GC(3) Concurrent Preclean 0.117ms
[2025-02-18T19:01:56.013+0000][2.548s] GC(3) Pause Remark
[2025-02-18T19:01:56.014+0000][2.550s] GC(3) Pause Remark 25M->25M(512M) 1.418ms
[2025-02-18T19:01:56.014+0000][2.550s] GC(3) User=0.00s Sys=0.00s Real=0.00s
[2025-02-18T19:01:56.014+0000][2.550s] GC(3) Concurrent Mark 5.802ms
[2025-02-18T19:01:56.014+0000][2.550s] GC(3) Concurrent Rebuild Remembered Sets
[2025-02-18T19:01:56.017+0000][2.553s] GC(3) Concurrent Rebuild Remembered Sets 3.178ms
[2025-02-18T19:01:56.019+0000][2.554s] GC(3) Pause Cleanup
[2025-02-18T19:01:56.019+0000][2.555s] GC(3) Pause Cleanup 26M->26M(512M) 0.279ms
[2025-02-18T19:01:56.019+0000][2.555s] GC(3) User=0.00s Sys=0.00s Real=0.00s
[2025-02-18T19:01:56.019+0000][2.555s] GC(3) Concurrent Cleanup for Next Mark
[2025-02-18T19:01:56.021+0000][2.557s] GC(3) Concurrent Cleanup for Next Mark 1.950ms
[2025-02-18T19:01:56.021+0000][2.557s] GC(3) Concurrent Mark Cycle 15.737ms
[2025-02-18T19:01:56.933+0000][3.468s] GC(4) Pause Young (Normal) (G1 Evacuation Pause)
[2025-02-18T19:01:56.933+0000][3.469s] GC(4) Using 8 workers of 8 for evacuation
[2025-02-18T19:01:56.940+0000][3.476s] GC(4)   Pre Evacuate Collection Set: 0.2ms
[2025-02-18T19:01:56.940+0000][3.476s] GC(4)   Merge Heap Roots: 0.1ms
[2025-02-18T19:01:56.940+0000][3.476s] GC(4)   Evacuate Collection Set: 5.8ms
[2025-02-18T19:01:56.940+0000][3.476s] GC(4)   Post Evacuate Collection Set: 0.9ms
[2025-02-18T19:01:56.940+0000][3.476s] GC(4)   Other: 0.3ms
[2025-02-18T19:01:56.940+0000][3.476s] GC(4) Eden regions: 92->0(183)
[2025-02-18T19:01:56.940+0000][3.476s] GC(4) Survivor regions: 11->10(13)
[2025-02-18T19:01:56.940+0000][3.476s] GC(4) Old regions: 9->15
[2025-02-18T19:01:56.940+0000][3.476s] GC(4) Archive regions: 2->2
[2025-02-18T19:01:56.940+0000][3.476s] GC(4) Humongous regions: 4->4
[2025-02-18T19:01:56.940+0000][3.476s] GC(4) Metaspace: 34476K(34816K)->34476K(34816K) NonClass: 30225K(30400K)->30225K(30400K) Class: 4251K(4416K)->4251K(4416K)
[2025-02-18T19:01:56.940+0000][3.476s] GC(4) Pause Young (Normal) (G1 Evacuation Pause) 116M->29M(512M) 7.739ms
[2025-02-18T19:01:56.941+0000][3.476s] GC(4) User=0.04s Sys=0.01s Real=0.01s
[2025-02-18T19:01:57.086+0000][3.621s] GC(5) Pause Young (Concurrent Start) (Metadata GC Threshold)
[2025-02-18T19:01:57.086+0000][3.622s] GC(5) Using 8 workers of 8 for evacuation
[2025-02-18T19:01:57.090+0000][3.626s] GC(5)   Pre Evacuate Collection Set: 0.1ms
[2025-02-18T19:01:57.090+0000][3.626s] GC(5)   Merge Heap Roots: 0.1ms
[2025-02-18T19:01:57.090+0000][3.626s] GC(5)   Evacuate Collection Set: 3.3ms
[2025-02-18T19:01:57.090+0000][3.626s] GC(5)   Post Evacuate Collection Set: 0.4ms
[2025-02-18T19:01:57.090+0000][3.626s] GC(5)   Other: 0.6ms
[2025-02-18T19:01:57.090+0000][3.626s] GC(5) Eden regions: 9->0(297)
[2025-02-18T19:01:57.090+0000][3.626s] GC(5) Survivor regions: 10->10(25)
[2025-02-18T19:01:57.090+0000][3.626s] GC(5) Old regions: 15->15
[2025-02-18T19:01:57.090+0000][3.626s] GC(5) Archive regions: 2->2
[2025-02-18T19:01:57.090+0000][3.626s] GC(5) Humongous regions: 4->4
[2025-02-18T19:01:57.091+0000][3.626s] GC(5) Metaspace: 36025K(36416K)->36025K(36416K) NonClass: 31611K(31744K)->31611K(31744K) Class: 4414K(4672K)->4414K(4672K)
[2025-02-18T19:01:57.091+0000][3.626s] GC(5) Pause Young (Concurrent Start) (Metadata GC Threshold) 38M->29M(512M) 4.889ms
[2025-02-18T19:01:57.091+0000][3.626s] GC(5) User=0.02s Sys=0.00s Real=0.01s
[2025-02-18T19:01:57.091+0000][3.626s] GC(6) Concurrent Mark Cycle
[2025-02-18T19:01:57.091+0000][3.626s] GC(6) Concurrent Clear Claimed Marks
[2025-02-18T19:01:57.091+0000][3.627s] GC(6) Concurrent Clear Claimed Marks 0.164ms
[2025-02-18T19:01:57.091+0000][3.627s] GC(6) Concurrent Scan Root Regions
[2025-02-18T19:01:57.094+0000][3.630s] GC(6) Concurrent Scan Root Regions 3.051ms
[2025-02-18T19:01:57.094+0000][3.630s] GC(6) Concurrent Mark
[2025-02-18T19:01:57.095+0000][3.630s] GC(6) Concurrent Mark From Roots
[2025-02-18T19:01:57.095+0000][3.631s] GC(6) Using 2 workers of 2 for marking
[2025-02-18T19:01:57.105+0000][3.641s] GC(6) Concurrent Mark From Roots 10.515ms
[2025-02-18T19:01:57.105+0000][3.641s] GC(6) Concurrent Preclean
[2025-02-18T19:01:57.105+0000][3.641s] GC(6) Concurrent Preclean 0.109ms
[2025-02-18T19:01:57.106+0000][3.641s] GC(6) Pause Remark
[2025-02-18T19:01:57.107+0000][3.643s] GC(6) Pause Remark 33M->33M(512M) 1.557ms
[2025-02-18T19:01:57.107+0000][3.643s] GC(6) User=0.01s Sys=0.00s Real=0.00s
[2025-02-18T19:01:57.107+0000][3.643s] GC(6) Concurrent Mark 12.892ms
[2025-02-18T19:01:57.108+0000][3.643s] GC(6) Concurrent Rebuild Remembered Sets
[2025-02-18T19:01:57.114+0000][3.649s] GC(6) Concurrent Rebuild Remembered Sets 6.236ms
[2025-02-18T19:01:57.114+0000][3.650s] GC(6) Pause Cleanup
[2025-02-18T19:01:57.115+0000][3.650s] GC(6) Pause Cleanup 33M->33M(512M) 0.336ms
[2025-02-18T19:01:57.115+0000][3.651s] GC(6) User=0.01s Sys=0.00s Real=0.00s
[2025-02-18T19:01:57.115+0000][3.651s] GC(6) Concurrent Cleanup for Next Mark
[2025-02-18T19:01:57.117+0000][3.653s] GC(6) Concurrent Cleanup for Next Mark 2.249ms
[2025-02-18T19:01:57.117+0000][3.653s] GC(6) Concurrent Mark Cycle 26.851ms
[2025-02-18T19:09:59.939+0000][486.476s] GC(7) Pause Young (Concurrent Start) (Metadata GC Threshold)
[2025-02-18T19:09:59.940+0000][486.477s] GC(7) Using 8 workers of 8 for evacuation
[2025-02-18T19:10:00.016+0000][486.553s] GC(7)   Pre Evacuate Collection Set: 0.8ms
[2025-02-18T19:10:00.017+0000][486.553s] GC(7)   Merge Heap Roots: 0.2ms
[2025-02-18T19:10:00.017+0000][486.553s] GC(7)   Evacuate Collection Set: 71.7ms
[2025-02-18T19:10:00.017+0000][486.553s] GC(7)   Post Evacuate Collection Set: 2.7ms
[2025-02-18T19:10:00.017+0000][486.554s] GC(7)   Other: 1.5ms
[2025-02-18T19:10:00.017+0000][486.554s] GC(7) Eden regions: 250->0(279)
[2025-02-18T19:10:00.017+0000][486.554s] GC(7) Survivor regions: 10->28(39)
[2025-02-18T19:10:00.017+0000][486.554s] GC(7) Old regions: 15->15
[2025-02-18T19:10:00.017+0000][486.554s] GC(7) Archive regions: 2->2
[2025-02-18T19:10:00.017+0000][486.554s] GC(7) Humongous regions: 4->4
[2025-02-18T19:10:00.017+0000][486.554s] GC(7) Metaspace: 60550K(61056K)->60550K(61056K) NonClass: 52887K(53120K)->52887K(53120K) Class: 7663K(7936K)->7663K(7936K)
[2025-02-18T19:10:00.017+0000][486.554s] GC(7) Pause Young (Concurrent Start) (Metadata GC Threshold) 278M->47M(512M) 77.603ms
[2025-02-18T19:10:00.017+0000][486.554s] GC(7) User=0.58s Sys=0.00s Real=0.07s
[2025-02-18T19:10:00.017+0000][486.554s] GC(8) Concurrent Mark Cycle
[2025-02-18T19:10:00.018+0000][486.554s] GC(8) Concurrent Clear Claimed Marks
[2025-02-18T19:10:00.018+0000][486.555s] GC(8) Concurrent Clear Claimed Marks 0.337ms
[2025-02-18T19:10:00.018+0000][486.555s] GC(8) Concurrent Scan Root Regions
[2025-02-18T19:10:00.029+0000][486.565s] GC(8) Concurrent Scan Root Regions 10.415ms
[2025-02-18T19:10:00.029+0000][486.566s] GC(8) Concurrent Mark
[2025-02-18T19:10:00.029+0000][486.566s] GC(8) Concurrent Mark From Roots
[2025-02-18T19:10:00.029+0000][486.566s] GC(8) Using 2 workers of 2 for marking
[2025-02-18T19:10:00.040+0000][486.576s] GC(8) Concurrent Mark From Roots 10.594ms
[2025-02-18T19:10:00.040+0000][486.576s] GC(8) Concurrent Preclean
[2025-02-18T19:10:00.040+0000][486.577s] GC(8) Concurrent Preclean 0.176ms
[2025-02-18T19:10:00.040+0000][486.577s] GC(8) Pause Remark
[2025-02-18T19:10:00.058+0000][486.595s] GC(8) Pause Remark 48M->48M(512M) 18.036ms
[2025-02-18T19:10:00.058+0000][486.595s] GC(8) User=0.13s Sys=0.00s Real=0.01s
[2025-02-18T19:10:00.058+0000][486.595s] GC(8) Concurrent Mark 29.268ms
[2025-02-18T19:10:00.058+0000][486.595s] GC(8) Concurrent Rebuild Remembered Sets
[2025-02-18T19:10:00.062+0000][486.599s] GC(8) Concurrent Rebuild Remembered Sets 3.775ms
[2025-02-18T19:10:00.064+0000][486.600s] GC(8) Pause Cleanup
[2025-02-18T19:10:00.064+0000][486.601s] GC(8) Pause Cleanup 49M->49M(512M) 0.206ms
[2025-02-18T19:10:00.064+0000][486.601s] GC(8) User=0.01s Sys=0.00s Real=0.00s
[2025-02-18T19:10:00.064+0000][486.601s] GC(8) Concurrent Cleanup for Next Mark
[2025-02-18T19:10:00.065+0000][486.602s] GC(8) Concurrent Cleanup for Next Mark 1.423ms
[2025-02-18T19:10:00.065+0000][486.602s] GC(8) Concurrent Mark Cycle 48.113ms
[2025-02-18T20:30:24.158+0000][5050.063s] Heap
[2025-02-18T20:30:24.159+0000][5050.065s]  garbage-first heap   total 524288K, used 296913K [0x00000000e0000000, 0x0000000100000000)
[2025-02-18T20:30:24.159+0000][5050.065s]   region size 1024K, 271 young (277504K), 28 survivors (28672K)
[2025-02-18T20:30:24.159+0000][5050.065s]  Metaspace       used 67602K, committed 68288K, reserved 1114112K
[2025-02-18T20:30:24.159+0000][5050.065s]   class space    used 8500K, committed 8832K, reserved 1048576K
